Archive member included because of file (symbol)

c:/program files (x86)/emblocks/2.00/share/em_armgcc/bin/../lib/gcc/arm-none-eabi/4.7.3/../../../../arm-none-eabi/lib/armv7-m\libc.a(lib_a-__atexit.o)
                              c:/program files (x86)/emblocks/2.00/share/em_armgcc/bin/../lib/gcc/arm-none-eabi/4.7.3/../../../../arm-none-eabi/lib/armv7-m/crt0.o (__register_exitproc)
c:/program files (x86)/emblocks/2.00/share/em_armgcc/bin/../lib/gcc/arm-none-eabi/4.7.3/../../../../arm-none-eabi/lib/armv7-m\libc.a(lib_a-exit.o)
                              c:/program files (x86)/emblocks/2.00/share/em_armgcc/bin/../lib/gcc/arm-none-eabi/4.7.3/../../../../arm-none-eabi/lib/armv7-m/crt0.o (exit)
c:/program files (x86)/emblocks/2.00/share/em_armgcc/bin/../lib/gcc/arm-none-eabi/4.7.3/../../../../arm-none-eabi/lib/armv7-m\libc.a(lib_a-fini.o)
                              c:/program files (x86)/emblocks/2.00/share/em_armgcc/bin/../lib/gcc/arm-none-eabi/4.7.3/../../../../arm-none-eabi/lib/armv7-m/crt0.o (__libc_fini_array)
c:/program files (x86)/emblocks/2.00/share/em_armgcc/bin/../lib/gcc/arm-none-eabi/4.7.3/../../../../arm-none-eabi/lib/armv7-m\libc.a(lib_a-impure.o)
                              c:/program files (x86)/emblocks/2.00/share/em_armgcc/bin/../lib/gcc/arm-none-eabi/4.7.3/../../../../arm-none-eabi/lib/armv7-m\libc.a(lib_a-__atexit.o) (_global_impure_ptr)
c:/program files (x86)/emblocks/2.00/share/em_armgcc/bin/../lib/gcc/arm-none-eabi/4.7.3/../../../../arm-none-eabi/lib/armv7-m\libc.a(lib_a-init.o)
                              c:/program files (x86)/emblocks/2.00/share/em_armgcc/bin/../lib/gcc/arm-none-eabi/4.7.3/../../../../arm-none-eabi/lib/armv7-m/crt0.o (__libc_init_array)
c:/program files (x86)/emblocks/2.00/share/em_armgcc/bin/../lib/gcc/arm-none-eabi/4.7.3/../../../../arm-none-eabi/lib/armv7-m\libc.a(lib_a-memset.o)
                              c:/program files (x86)/emblocks/2.00/share/em_armgcc/bin/../lib/gcc/arm-none-eabi/4.7.3/../../../../arm-none-eabi/lib/armv7-m/crt0.o (memset)
c:/program files (x86)/emblocks/2.00/share/em_armgcc/bin/../lib/gcc/arm-none-eabi/4.7.3/../../../../arm-none-eabi/lib/armv7-m\libc.a(lib_a-__call_atexit.o)
                              c:/program files (x86)/emblocks/2.00/share/em_armgcc/bin/../lib/gcc/arm-none-eabi/4.7.3/../../../../arm-none-eabi/lib/armv7-m\libc.a(lib_a-exit.o) (__call_exitprocs)
c:/program files (x86)/emblocks/2.00/share/em_armgcc/bin/../lib/gcc/arm-none-eabi/4.7.3/../../../../arm-none-eabi/lib/armv7-m\libc.a(lib_a-atexit.o)
                              c:/program files (x86)/emblocks/2.00/share/em_armgcc/bin/../lib/gcc/arm-none-eabi/4.7.3/../../../../arm-none-eabi/lib/armv7-m\libc.a(lib_a-__call_atexit.o) (atexit)
c:/program files (x86)/emblocks/2.00/share/em_armgcc/bin/../lib/gcc/arm-none-eabi/4.7.3/../../../../arm-none-eabi/lib/armv7-m\libnosys.a(_exit.o)
                              c:/program files (x86)/emblocks/2.00/share/em_armgcc/bin/../lib/gcc/arm-none-eabi/4.7.3/../../../../arm-none-eabi/lib/armv7-m\libc.a(lib_a-exit.o) (_exit)

Allocating common symbols
Common symbol       size              file

SaveRState          0x2               obj\debughd\usb_int.o
HSEStartUpStatus    0x1               obj\debughd\hw_config.o
SaveState           0x2               obj\debughd\usb_init.o
ProtocolValue       0x4               obj\debughd\usb_prop.o
wIstr               0x2               obj\debughd\usb_istr.o
pProperty           0x4               obj\debughd\usb_init.o
EPindex             0x1               obj\debughd\usb_init.o
Report_Buf          0x40              obj\debughd\usb_prop.o
btn1_prev           0x2               obj\debughd\hw_config.o
SaveTState          0x2               obj\debughd\usb_int.o
Device_Info         0x1c              obj\debughd\usb_init.o
pUser_Standard_Requests
                    0x4               obj\debughd\usb_init.o
Receive_Buffer      0x9               obj\debughd\usb_endp.o
EXTI_Enable         0x1               obj\debughd\usb_prop.o
StatusInfo          0x2               obj\debughd\usb_core.o
pInformation        0x4               obj\debughd\usb_init.o
ResumeS             0x2               obj\debughd\usb_pwr.o
Buffer              0x5               obj\debughd\hw_config.o
EP                  0x20              obj\debughd\usb_pwr.o
EXTI_InitStructure  0x8               obj\debughd\hw_config.o
btn2_prev           0x2               obj\debughd\hw_config.o
wInterrupt_Mask     0x2               obj\debughd\usb_init.o

Discarded input sections

 .text          0x00000000        0x0 c:/program files (x86)/emblocks/2.00/share/em_armgcc/bin/../lib/gcc/arm-none-eabi/4.7.3/armv7-m/crti.o
 .data          0x00000000        0x0 c:/program files (x86)/emblocks/2.00/share/em_armgcc/bin/../lib/gcc/arm-none-eabi/4.7.3/armv7-m/crti.o
 .bss           0x00000000        0x0 c:/program files (x86)/emblocks/2.00/share/em_armgcc/bin/../lib/gcc/arm-none-eabi/4.7.3/armv7-m/crti.o
[...]
Memory Configuration

Name             Origin             Length             Attributes
FLASH            0x08000000         0x00010000         xr
RAM              0x20000000         0x00005000         xrw
*default*        0x00000000         0xffffffff

Linker script and memory map

LOAD c:/program files (x86)/emblocks/2.00/share/em_armgcc/bin/../lib/gcc/arm-none-eabi/4.7.3/armv7-m/crti.o
LOAD c:/program files (x86)/emblocks/2.00/share/em_armgcc/bin/../lib/gcc/arm-none-eabi/4.7.3/armv7-m/crtbegin.o
LOAD c:/program files (x86)/emblocks/2.00/share/em_armgcc/bin/../lib/gcc/arm-none-eabi/4.7.3/../../../../arm-none-eabi/lib/armv7-m/crt0.o
                0x00000000                __HEAP_SIZE = 0x0
                0x00000100                __STACK_SIZE = 0x100

.text           0x08000000     0x6328
 *(.isr_vector)
 .isr_vector    0x08000000      0x130 obj\debughd\startup_stm32f10x_hd.o
                0x08000000                __isr_vector
 *(.text*)
 .text          0x08000130       0x54 c:/program files (x86)/emblocks/2.00/share/em_armgcc/bin/../lib/gcc/arm-none-eabi/4.7.3/armv7-m/crtbegin.o
 .text          0x08000184       0x70 c:/program files (x86)/emblocks/2.00/share/em_armgcc/bin/../lib/gcc/arm-none-eabi/4.7.3/../../../../arm-none-eabi/lib/armv7-m/crt0.o
                0x08000184                _start
                0x08000184                start
                0x08000184                _mainCRTStartup
 .text          0x080001f4      0x424 obj\debughd\hw_config.o
                0x080001f4                Set_System
                0x080002dc                Set_USBClock
                0x080002f8                Enter_LowPowerMode
                0x08000318                Leave_LowPowerMode
                0x0800035c                USB_Interrupts_Config
                0x080003ac                USB_Cable_Config
                0x080003e8                RHIDCheckState
                0x080004d0                RHID_Send
                0x08000524                Get_SerialNum
 .text          0x08000618       0x60 obj\debughd\main.o
                0x08000618                Delay
                0x0800063c                main
 .text          0x08000678       0x78 obj\debughd\stm32_it.o
                0x08000678                NMI_Handler
                0x08000684                HardFault_Handler
                0x0800068c                MemManage_Handler
                0x08000694                BusFault_Handler
                0x0800069c                UsageFault_Handler
                0x080006a4                SVC_Handler
                0x080006b0                DebugMon_Handler
                0x080006bc                PendSV_Handler
                0x080006c8                SysTick_Handler
                0x080006d4                USB_LP_CAN1_RX0_IRQHandler
                0x080006e0                USBWakeUp_IRQHandler
 .text          0x080006f0       0xe0 obj\debughd\usb_endp.o
                0x080006f0                EP1_OUT_Callback
                0x080007b8                EP1_IN_Callback
 .text          0x080007d0      0x35c obj\debughd\usb_istr.o
                0x080007d0                USB_Istr
 .text          0x08000b2c      0x538 obj\debughd\usb_prop.o
                0x08000b2c                HID_init
                0x08000b5c                HID_Reset
                0x08000c60                HID_SetConfiguration
                0x08000c90                HID_SetDeviceAddress
                0x08000ca8                HID_Status_In
                0x08000d54                HID_Status_Out
                0x08000d60                HID_Data_Setup
                0x08000e5c                HID_SetReport_Feature
                0x08000e98                HID_NoData_Setup
                0x08000ed4                HID_GetDeviceDescriptor
                0x08000efc                HID_GetConfigDescriptor
                0x08000f24                HID_GetStringDescriptor
                0x08000f70                HID_GetReportDescriptor
                0x08000f98                HID_GetHIDDescriptor
                0x08000fc0                HID_Get_Interface_Setting
                0x08000ff8                HID_SetProtocol
                0x08001028                HID_GetProtocolValue
 .text          0x08001064      0x4dc obj\debughd\usb_pwr.o
                0x08001064                PowerOn
                0x080010e4                PowerOff
                0x08001124                Suspend
                0x08001324                Resume_Init
                0x08001364                Resume
 .text          0x08001540     0x140c obj\debughd\usb_core.o
                0x08001540                Standard_GetConfiguration
                0x0800158c                Standard_SetConfiguration
                0x08001600                Standard_GetInterface
                0x0800164c                Standard_SetInterface
                0x08001714                Standard_GetStatus
                0x080018d0                Standard_ClearFeature
                0x08001b00                Standard_SetEndPointFeature
                0x08001c48                Standard_SetDeviceFeature
                0x08001c80                Standard_GetDescriptorData
                0x080025f0                Setup0_Process
                0x08002710                In0_Process
                0x080027cc                Out0_Process
                0x08002858                Post0_Process
                0x080028b8                SetDeviceAddress
                0x08002940                NOP_Process
 .text          0x0800294c       0x5c obj\debughd\usb_init.o
                0x0800294c                USB_Init
 .text          0x080029a8      0x56c obj\debughd\usb_int.o
                0x080029a8                CTR_LP
                0x08002dd0                CTR_HP
 .text          0x08002f14       0xf4 obj\debughd\usb_mem.o
                0x08002f14                UserToPMABufferCopy
                0x08002f9c                PMAToUserBufferCopy
 .text          0x08003008     0x129c obj\debughd\usb_regs.o
                0x08003008                SetCNTR
                0x08003028                GetCNTR
                0x08003040                SetISTR
                0x08003060                GetISTR
                0x08003078                GetFNR
                0x08003090                SetDADDR
                0x080030b0                GetDADDR
                0x080030c8                SetBTABLE
                0x080030f0                GetBTABLE
                0x08003108                SetENDPOINT
                0x08003134                GetENDPOINT
                0x0800315c                SetEPType
                0x080031a8                GetEPType
                0x080031d8                SetEPTxStatus
                0x0800324c                SetEPRxStatus
                0x080032c0                SetDouBleBuffEPStall
                0x0800331c                GetEPTxStatus
                0x0800334c                GetEPRxStatus
                0x0800337c                SetEPTxValid
                0x080033d4                SetEPRxValid
                0x0800342c                SetEP_KIND
                0x08003484                ClearEP_KIND
                0x080034dc                Clear_Status_Out
                0x08003534                Set_Status_Out
                0x0800358c                SetEPDoubleBuff
                0x080035e4                ClearEPDoubleBuff
                0x0800363c                GetTxStallStatus
                0x08003674                GetRxStallStatus
                0x080036ac                ClearEP_CTR_RX
                0x080036ec                ClearEP_CTR_TX
                0x0800372c                ToggleDTOG_RX
                0x08003774                ToggleDTOG_TX
                0x080037bc                ClearDTOG_RX
                0x0800381c                ClearDTOG_TX
                0x0800387c                SetEPAddress
                0x080038cc                GetEPAddress
                0x080038fc                SetEPTxAddr
                0x08003944                SetEPRxAddr
                0x08003990                GetEPTxAddr
                0x080039cc                GetEPRxAddr
                0x08003a0c                SetEPTxCount
                0x08003a4c                SetEPCountRxReg
                0x08003abc                SetEPRxCount
                0x08003b54                GetEPTxCount
                0x08003b9c                GetEPRxCount
                0x08003be4                SetEPDblBuffAddr
                0x08003c64                SetEPDblBuf0Addr
                0x08003cac                SetEPDblBuf1Addr
                0x08003cf8                GetEPDblBuf0Addr
                0x08003d34                GetEPDblBuf1Addr
                0x08003d74                SetEPDblBuffCount
                0x08003ef8                SetEPDblBuf0Count
                0x08003fc8                SetEPDblBuf1Count
                0x08004098                GetEPDblBuf0Count
                0x080040e0                GetEPDblBuf1Count
                0x08004128                GetEPDblBufDir
                0x080041b4                FreeUserBuffer
                0x08004240                ToWord
                0x08004270                ByteSwap
 .text          0x080042a4       0xe0 obj\debughd\usb_sil.o
                0x080042a4                USB_SIL_Init
                0x080042e4                USB_SIL_Write
                0x08004334                USB_SIL_Read
 .text          0x08004384       0xc0 obj\debughd\startup_stm32f10x_hd.o
                0x08004384                Reset_Handler
                0x080043ca                Default_Handler
                0x080043cc                WWDG_IRQHandler
                0x080043ce                PVD_IRQHandler
                0x080043d0                TAMPER_IRQHandler
                0x080043d2                RTC_IRQHandler
                0x080043d4                FLASH_IRQHandler
                0x080043d6                RCC_IRQHandler
                0x080043d8                EXTI0_IRQHandler
                0x080043da                EXTI1_IRQHandler
                0x080043dc                EXTI2_IRQHandler
                0x080043de                EXTI3_IRQHandler
                0x080043e0                EXTI4_IRQHandler
                0x080043e2                DMA1_Channel1_IRQHandler
                0x080043e4                DMA1_Channel2_IRQHandler
                0x080043e6                DMA1_Channel3_IRQHandler
                0x080043e8                DMA1_Channel4_IRQHandler
                0x080043ea                DMA1_Channel5_IRQHandler
                0x080043ec                DMA1_Channel6_IRQHandler
                0x080043ee                DMA1_Channel7_IRQHandler
                0x080043f0                ADC1_2_IRQHandler
                0x080043f2                USB_HP_CAN1_TX_IRQHandler
                0x080043f6                CAN1_RX1_IRQHandler
                0x080043f8                CAN1_SCE_IRQHandler
                0x080043fa                EXTI9_5_IRQHandler
                0x080043fc                TIM1_BRK_IRQHandler
                0x080043fe                TIM1_UP_IRQHandler
                0x08004400                TIM1_TRG_COM_IRQHandler
                0x08004402                TIM1_CC_IRQHandler
                0x08004404                TIM2_IRQHandler
                0x08004406                TIM3_IRQHandler
                0x08004408                TIM4_IRQHandler
                0x0800440a                I2C1_EV_IRQHandler
                0x0800440c                I2C1_ER_IRQHandler
                0x0800440e                I2C2_EV_IRQHandler
                0x08004410                I2C2_ER_IRQHandler
                0x08004412                SPI1_IRQHandler
                0x08004414                SPI2_IRQHandler
                0x08004416                USART1_IRQHandler
                0x08004418                USART2_IRQHandler
                0x0800441a                USART3_IRQHandler
                0x0800441c                EXTI15_10_IRQHandler
                0x0800441e                RTCAlarm_IRQHandler
                0x08004422                TIM8_BRK_IRQHandler
                0x08004424                TIM8_UP_IRQHandler
                0x08004426                TIM8_TRG_COM_IRQHandler
                0x08004428                TIM8_CC_IRQHandler
                0x0800442a                ADC3_IRQHandler
                0x0800442c                FSMC_IRQHandler
                0x0800442e                SDIO_IRQHandler
                0x08004430                TIM5_IRQHandler
                0x08004432                SPI3_IRQHandler
                0x08004434                UART4_IRQHandler
                0x08004436                UART5_IRQHandler
                0x08004438                TIM6_IRQHandler
                0x0800443a                TIM7_IRQHandler
                0x0800443c                DMA2_Channel1_IRQHandler
                0x0800443e                DMA2_Channel2_IRQHandler
                0x08004440                DMA2_Channel3_IRQHandler
                0x08004442                DMA2_Channel4_5_IRQHandler
 .text          0x08004444      0x39c obj\debughd\system_stm32f10x.o
                0x08004444                SystemInit
                0x080044e0                SystemCoreClockUpdate
 .text          0x080047e0      0x1dc obj\debughd\misc.o
                0x080047e0                NVIC_PriorityGroupConfig
                0x08004808                NVIC_Init
                0x080048f0                NVIC_SetVectorTable
                0x0800491c                NVIC_SystemLPConfig
                0x08004970                SysTick_CLKSourceConfig
 .text          0x080049bc      0x2c0 obj\debughd\stm32f10x_exti.o
                0x080049bc                EXTI_DeInit
                0x08004a10                EXTI_Init
                0x08004b48                EXTI_StructInit
                0x08004b7c                EXTI_GenerateSWInterrupt
                0x08004ba8                EXTI_GetFlagStatus
                0x08004be4                EXTI_ClearFlag
                0x08004c04                EXTI_GetITStatus
                0x08004c5c                EXTI_ClearITPendingBit
 .text          0x08004c7c      0x700 obj\debughd\stm32f10x_gpio.o
                0x08004c7c                GPIO_DeInit
                0x08004da4                GPIO_AFIODeInit
                0x08004dc4                GPIO_Init
                0x08004f74                GPIO_StructInit
                0x08004fa0                GPIO_ReadInputDataBit
                0x08004fdc                GPIO_ReadInputData
                0x08004ff8                GPIO_ReadOutputDataBit
                0x08005034                GPIO_ReadOutputData
                0x08005050                GPIO_SetBits
                0x0800506c                GPIO_ResetBits
                0x08005088                GPIO_WriteBit
                0x080050b8                GPIO_Write
                0x080050d4                GPIO_PinLockConfig
                0x08005118                GPIO_EventOutputConfig
                0x0800516c                GPIO_EventOutputCmd
                0x0800518c                GPIO_PinRemapConfig
                0x080052ac                GPIO_EXTILineConfig
                0x0800535c                GPIO_ETH_MediaInterfaceConfig
 .text          0x0800537c      0x200 obj\debughd\stm32f10x_pwr.o
                0x0800537c                PWR_DeInit
                0x0800539c                PWR_BackupAccessCmd
                0x080053bc                PWR_PVDCmd
                0x080053dc                PWR_PVDLevelConfig
                0x0800541c                PWR_WakeUpPinCmd
                0x0800543c                PWR_EnterSTOPMode
                0x080054bc                PWR_EnterSTANDBYMode
                0x08005510                PWR_GetFlagStatus
                0x0800554c                PWR_ClearFlag
 .text          0x0800557c      0x9f4 obj\debughd\stm32f10x_rcc.o
                0x0800557c                RCC_DeInit
                0x08005618                RCC_HSEConfig
                0x080056a0                RCC_WaitForHSEStartUp
                0x08005704                RCC_AdjustHSICalibrationValue
                0x0800574c                RCC_HSICmd
                0x0800576c                RCC_PLLConfig
                0x080057b4                RCC_PLLCmd
                0x080057d4                RCC_SYSCLKConfig
                0x08005814                RCC_GetSYSCLKSource
                0x08005834                RCC_HCLKConfig
                0x08005874                RCC_PCLK1Config
                0x080058b4                RCC_PCLK2Config
                0x080058f8                RCC_ITConfig
                0x08005958                RCC_USBCLKConfig
                0x08005978                RCC_ADCCLKConfig
                0x080059b8                RCC_LSEConfig
                0x08005a18                RCC_LSICmd
                0x08005a38                RCC_RTCCLKConfig
                0x08005a64                RCC_RTCCLKCmd
                0x08005a84                RCC_GetClocksFreq
                0x08005c58                RCC_AHBPeriphClockCmd
                0x08005cac                RCC_APB2PeriphClockCmd
                0x08005d00                RCC_APB1PeriphClockCmd
                0x08005d54                RCC_APB2PeriphResetCmd
                0x08005da8                RCC_APB1PeriphResetCmd
                0x08005dfc                RCC_BackupResetCmd
                0x08005e1c                RCC_ClockSecuritySystemCmd
                0x08005e3c                RCC_MCOConfig
                0x08005e5c                RCC_GetFlagStatus
                0x08005eec                RCC_ClearFlag
                0x08005f10                RCC_GetITStatus
                0x08005f50                RCC_ClearITPendingBit
 .text.__register_exitproc
                0x08005f70       0xb0 c:/program files (x86)/emblocks/2.00/share/em_armgcc/bin/../lib/gcc/arm-none-eabi/4.7.3/../../../../arm-none-eabi/lib/armv7-m\libc.a(lib_a-__atexit.o)
                0x08005f70                __register_exitproc
 .text.exit     0x08006020       0x20 c:/program files (x86)/emblocks/2.00/share/em_armgcc/bin/../lib/gcc/arm-none-eabi/4.7.3/../../../../arm-none-eabi/lib/armv7-m\libc.a(lib_a-exit.o)
                0x08006020                exit
 .text.__libc_fini_array
                0x08006040       0x2c c:/program files (x86)/emblocks/2.00/share/em_armgcc/bin/../lib/gcc/arm-none-eabi/4.7.3/../../../../arm-none-eabi/lib/armv7-m\libc.a(lib_a-fini.o)
                0x08006040                __libc_fini_array
 .text.__libc_init_array
                0x0800606c       0x50 c:/program files (x86)/emblocks/2.00/share/em_armgcc/bin/../lib/gcc/arm-none-eabi/4.7.3/../../../../arm-none-eabi/lib/armv7-m\libc.a(lib_a-init.o)
                0x0800606c                __libc_init_array
 .text.memset   0x080060bc       0x94 c:/program files (x86)/emblocks/2.00/share/em_armgcc/bin/../lib/gcc/arm-none-eabi/4.7.3/../../../../arm-none-eabi/lib/armv7-m\libc.a(lib_a-memset.o)
                0x080060bc                memset
 .text.startup.register_fini
                0x08006150       0x14 c:/program files (x86)/emblocks/2.00/share/em_armgcc/bin/../lib/gcc/arm-none-eabi/4.7.3/../../../../arm-none-eabi/lib/armv7-m\libc.a(lib_a-__call_atexit.o)
 .text.__call_exitprocs
                0x08006164       0xd8 c:/program files (x86)/emblocks/2.00/share/em_armgcc/bin/../lib/gcc/arm-none-eabi/4.7.3/../../../../arm-none-eabi/lib/armv7-m\libc.a(lib_a-__call_atexit.o)
                0x08006164                __call_exitprocs
 .text.atexit   0x0800623c        0xc c:/program files (x86)/emblocks/2.00/share/em_armgcc/bin/../lib/gcc/arm-none-eabi/4.7.3/../../../../arm-none-eabi/lib/armv7-m\libc.a(lib_a-atexit.o)
                0x0800623c                atexit
 .text._exit    0x08006248        0x4 c:/program files (x86)/emblocks/2.00/share/em_armgcc/bin/../lib/gcc/arm-none-eabi/4.7.3/../../../../arm-none-eabi/lib/armv7-m\libnosys.a(_exit.o)
                0x08006248                _exit
 *(.init)
 .init          0x0800624c        0x4 c:/program files (x86)/emblocks/2.00/share/em_armgcc/bin/../lib/gcc/arm-none-eabi/4.7.3/armv7-m/crti.o
                0x0800624c                _init
 .init          0x08006250        0x8 c:/program files (x86)/emblocks/2.00/share/em_armgcc/bin/../lib/gcc/arm-none-eabi/4.7.3/armv7-m/crtn.o
 *(.fini)
 .fini          0x08006258        0x4 c:/program files (x86)/emblocks/2.00/share/em_armgcc/bin/../lib/gcc/arm-none-eabi/4.7.3/armv7-m/crti.o
                0x08006258                _fini
 .fini          0x0800625c        0x8 c:/program files (x86)/emblocks/2.00/share/em_armgcc/bin/../lib/gcc/arm-none-eabi/4.7.3/armv7-m/crtn.o
 *crtbegin.o(.ctors)
 *crtbegin?.o(.ctors)
 *(EXCLUDE_FILE(*crtend.o *crtend?.o) .ctors)
 *(SORT(.ctors.*))
 *(.ctors)
 *crtbegin.o(.dtors)
 *crtbegin?.o(.dtors)
 *(EXCLUDE_FILE(*crtend.o *crtend?.o) .dtors)
 *(SORT(.dtors.*))
 *(.dtors)
 *(.rodata*)
 .rodata        0x08006264       0xb8 obj\debughd\usb_desc.o
                0x08006264                RHID_DeviceDescriptor
                0x08006278                RHID_ConfigDescriptor
                0x080062a4                RHID_ReportDescriptor
                0x080062f4                RHID_StringLangID
                0x080062f8                RHID_StringVendor
                0x08006304                RHID_StringProduct
 .rodata.str1.4
                0x0800631c        0x4 c:/program files (x86)/emblocks/2.00/share/em_armgcc/bin/../lib/gcc/arm-none-eabi/4.7.3/../../../../arm-none-eabi/lib/armv7-m\libc.a(lib_a-impure.o)
 .rodata._global_impure_ptr
                0x08006320        0x4 c:/program files (x86)/emblocks/2.00/share/em_armgcc/bin/../lib/gcc/arm-none-eabi/4.7.3/../../../../arm-none-eabi/lib/armv7-m\libc.a(lib_a-impure.o)
                0x08006320                _global_impure_ptr
 *(.eh_frame*)
 .eh_frame      0x08006324        0x0 c:/program files (x86)/emblocks/2.00/share/em_armgcc/bin/../lib/gcc/arm-none-eabi/4.7.3/armv7-m/crtbegin.o
 .eh_frame      0x08006324        0x4 c:/program files (x86)/emblocks/2.00/share/em_armgcc/bin/../lib/gcc/arm-none-eabi/4.7.3/armv7-m/crtend.o

.glue_7         0x08006328        0x0
 .glue_7        0x00000000        0x0 linker stubs

.glue_7t        0x08006328        0x0
 .glue_7t       0x00000000        0x0 linker stubs

.vfp11_veneer   0x08006328        0x0
 .vfp11_veneer  0x00000000        0x0 linker stubs

.v4_bx          0x08006328        0x0
 .v4_bx         0x00000000        0x0 linker stubs

.iplt           0x08006328        0x0
 .iplt          0x00000000        0x0 c:/program files (x86)/emblocks/2.00/share/em_armgcc/bin/../lib/gcc/arm-none-eabi/4.7.3/armv7-m/crtbegin.o

.ARM.extab
 *(.ARM.extab* .gnu.linkonce.armextab.*)
                0x08006328                __exidx_start = .

.ARM.exidx      0x08006328        0x8
 *(.ARM.exidx* .gnu.linkonce.armexidx.*)
 .ARM.exidx     0x08006328        0x8 c:/program files (x86)/emblocks/2.00/share/em_armgcc/bin/../lib/gcc/arm-none-eabi/4.7.3/../../../../arm-none-eabi/lib/armv7-m/crt0.o
                0x08006330                __exidx_end = .
                0x08006330                __etext = .

.rel.dyn        0x08006330        0x0
 .rel.iplt      0x00000000        0x0 c:/program files (x86)/emblocks/2.00/share/em_armgcc/bin/../lib/gcc/arm-none-eabi/4.7.3/armv7-m/crtbegin.o

.data           0x20000000      0x554 load address 0x08006330
                0x20000000                __data_start__ = .
 *(vtable)
 *(.data*)
 .data          0x20000000        0x1 obj\debughd\main.o
                0x20000000                PrevXferComplete
 *fill*         0x20000001        0x3 
 .data          0x20000004       0x1c obj\debughd\usb_desc.o
                0x20000004                RHID_StringSerial
 .data          0x20000020       0x38 obj\debughd\usb_istr.o
                0x20000020                pEpInt_IN
                0x2000003c                pEpInt_OUT
 .data          0x20000058       0x98 obj\debughd\usb_prop.o
                0x20000058                Device_Table
                0x2000005c                Device_Property
                0x2000008c                User_Standard_Requests
                0x200000b0                Device_Descriptor
                0x200000b8                Config_Descriptor
                0x200000c0                RHID_Report_Descriptor
                0x200000c8                RHID_Hid_Descriptor
                0x200000d0                String_Descriptor
 .data          0x200000f0        0x1 obj\debughd\usb_pwr.o
                0x200000f0                fSuspendEnabled
 *fill*         0x200000f1        0x3 
 .data          0x200000f4       0x14 obj\debughd\system_stm32f10x.o
                0x200000f4                SystemCoreClock
                0x200000f8                AHBPrescTable
 .data          0x20000108       0x14 obj\debughd\stm32f10x_rcc.o
 *fill*         0x2000011c        0x4 
 .data.impure_data
                0x20000120      0x428 c:/program files (x86)/emblocks/2.00/share/em_armgcc/bin/../lib/gcc/arm-none-eabi/4.7.3/../../../../arm-none-eabi/lib/armv7-m\libc.a(lib_a-impure.o)
                0x20000548                . = ALIGN (0x4)
                0x20000548                PROVIDE (__preinit_array_start, .)
 *(.preinit_array)
                0x20000548                PROVIDE (__preinit_array_end, .)
                0x20000548                . = ALIGN (0x4)
                0x20000548                PROVIDE (__init_array_start, .)
 *(SORT(.init_array.*))
 .init_array.00000
                0x20000548        0x4 c:/program files (x86)/emblocks/2.00/share/em_armgcc/bin/../lib/gcc/arm-none-eabi/4.7.3/../../../../arm-none-eabi/lib/armv7-m\libc.a(lib_a-__call_atexit.o)
 *(.init_array)
 .init_array    0x2000054c        0x4 c:/program files (x86)/emblocks/2.00/share/em_armgcc/bin/../lib/gcc/arm-none-eabi/4.7.3/armv7-m/crtbegin.o
                0x20000550                PROVIDE (__init_array_end, .)
                0x20000550                . = ALIGN (0x4)
                0x20000550                PROVIDE (__fini_array_start, .)
 *(SORT(.fini_array.*))
 *(.fini_array)
 .fini_array    0x20000550        0x4 c:/program files (x86)/emblocks/2.00/share/em_armgcc/bin/../lib/gcc/arm-none-eabi/4.7.3/armv7-m/crtbegin.o
                0x20000554                PROVIDE (__fini_array_end, .)
                0x20000554                . = ALIGN (0x4)
                0x20000554                __data_end__ = .

.jcr            0x20000554        0x0 load address 0x08006884
 .jcr           0x20000554        0x0 c:/program files (x86)/emblocks/2.00/share/em_armgcc/bin/../lib/gcc/arm-none-eabi/4.7.3/armv7-m/crtbegin.o

.igot.plt       0x20000554        0x0 load address 0x08006884
 .igot.plt      0x00000000        0x0 c:/program files (x86)/emblocks/2.00/share/em_armgcc/bin/../lib/gcc/arm-none-eabi/4.7.3/armv7-m/crtbegin.o

.bss            0x20000554      0x102 load address 0x08006884
                0x20000554                __bss_start__ = .
 *(.bss*)
 .bss           0x20000554       0x1c c:/program files (x86)/emblocks/2.00/share/em_armgcc/bin/../lib/gcc/arm-none-eabi/4.7.3/armv7-m/crtbegin.o
 .bss           0x20000570        0xc obj\debughd\usb_istr.o
                0x20000570                bIntPackSOF
                0x20000574                esof_counter
                0x20000578                wCNTR
 .bss           0x2000057c        0x1 obj\debughd\usb_prop.o
                0x2000057c                Request
 *fill*         0x2000057d        0x3 
 .bss           0x20000580        0x8 obj\debughd\usb_pwr.o
                0x20000580                bDeviceState
                0x20000584                remotewakeupon
 .bss           0x20000588        0x1 obj\debughd\usb_core.o
                0x20000588                Data_Mul_MaxPacketSize
 *(COMMON)
 *fill*         0x20000589        0x3 
 COMMON         0x2000058c       0x16 obj\debughd\hw_config.o
                0x2000058c                HSEStartUpStatus
                0x2000058e                btn1_prev
                0x20000590                Buffer
                0x20000598                EXTI_InitStructure
                0x200005a0                btn2_prev
 *fill*         0x200005a2        0x2 
 COMMON         0x200005a4        0x9 obj\debughd\usb_endp.o
                0x200005a4                Receive_Buffer
 *fill*         0x200005ad        0x1 
 COMMON         0x200005ae        0x2 obj\debughd\usb_istr.o
                0x200005ae                wIstr
 COMMON         0x200005b0       0x45 obj\debughd\usb_prop.o
                0x200005b0                ProtocolValue
                0x200005b4                Report_Buf
                0x200005f4                EXTI_Enable
 *fill*         0x200005f5        0x3 
 COMMON         0x200005f8       0x24 obj\debughd\usb_pwr.o
                0x200005f8                ResumeS
                0x200005fc                EP
 COMMON         0x2000061c        0x2 obj\debughd\usb_core.o
                0x2000061c                StatusInfo
 *fill*         0x2000061e        0x2 
 COMMON         0x20000620       0x32 obj\debughd\usb_init.o
                0x20000620                SaveState
                0x20000624                pProperty
                0x20000628                EPindex
                0x2000062c                Device_Info
                0x20000648                pUser_Standard_Requests
                0x2000064c                pInformation
                0x20000650                wInterrupt_Mask
 COMMON         0x20000652        0x4 obj\debughd\usb_int.o
                0x20000652                SaveRState
                0x20000654                SaveTState
                0x20000656                __bss_end__ = .

.heap           0x20000658        0x0
                0x20000658                __end__ = .
                0x20000658                end = __end__
 *(.heap*)
 .heap          0x20000658        0x0 obj\debughd\startup_stm32f10x_hd.o
                0x20000658                __HeapLimit = .

.stack_dummy    0x20000658      0x100
 *(.stack)
 .stack         0x20000658      0x100 obj\debughd\startup_stm32f10x_hd.o
                0x20005000                __StackTop = (ORIGIN (RAM) + 0x5000)
                0x20004f00                __StackLimit = (__StackTop - SIZEOF (.stack_dummy))
                0x20005000                PROVIDE (__stack, __StackTop)
                0x00000001                ASSERT ((__StackLimit >= __HeapLimit), region RAM overflowed with stack)
LOAD obj\debughd\hw_config.o
LOAD obj\debughd\main.o
LOAD obj\debughd\stm32_it.o
LOAD obj\debughd\usb_desc.o
LOAD obj\debughd\usb_endp.o
LOAD obj\debughd\usb_istr.o
LOAD obj\debughd\usb_prop.o
LOAD obj\debughd\usb_pwr.o
LOAD obj\debughd\usb_core.o
LOAD obj\debughd\usb_init.o
LOAD obj\debughd\usb_int.o
LOAD obj\debughd\usb_mem.o
LOAD obj\debughd\usb_regs.o
LOAD obj\debughd\usb_sil.o
LOAD obj\debughd\startup_stm32f10x_hd.o
LOAD obj\debughd\system_stm32f10x.o
LOAD obj\debughd\misc.o
LOAD obj\debughd\stm32f10x_exti.o
LOAD obj\debughd\stm32f10x_gpio.o
LOAD obj\debughd\stm32f10x_pwr.o
LOAD obj\debughd\stm32f10x_rcc.o
LOAD obj\debughd\stm32f10x_usart.o
START GROUP
LOAD c:/program files (x86)/emblocks/2.00/share/em_armgcc/bin/../lib/gcc/arm-none-eabi/4.7.3/armv7-m\libgcc.a
LOAD c:/program files (x86)/emblocks/2.00/share/em_armgcc/bin/../lib/gcc/arm-none-eabi/4.7.3/../../../../arm-none-eabi/lib/armv7-m\libc.a
LOAD c:/program files (x86)/emblocks/2.00/share/em_armgcc/bin/../lib/gcc/arm-none-eabi/4.7.3/../../../../arm-none-eabi/lib/armv7-m\libg.a
LOAD c:/program files (x86)/emblocks/2.00/share/em_armgcc/bin/../lib/gcc/arm-none-eabi/4.7.3/../../../../arm-none-eabi/lib/armv7-m\libm.a
LOAD c:/program files (x86)/emblocks/2.00/share/em_armgcc/bin/../lib/gcc/arm-none-eabi/4.7.3/../../../../arm-none-eabi/lib/armv7-m\libnosys.a
END GROUP
LOAD c:/program files (x86)/emblocks/2.00/share/em_armgcc/bin/../lib/gcc/arm-none-eabi/4.7.3/armv7-m/crtend.o
LOAD c:/program files (x86)/emblocks/2.00/share/em_armgcc/bin/../lib/gcc/arm-none-eabi/4.7.3/armv7-m/crtn.o
OUTPUT(bin\DebugHD\tstHID-STM32F103.elf elf32-littlearm)

.ARM.attributes
                0x00000000       0x29
 .ARM.attributes
                0x00000000       0x1d c:/program files (x86)/emblocks/2.00/share/em_armgcc/bin/../lib/gcc/arm-none-eabi/4.7.3/armv7-m/crti.o
 .ARM.attributes
                0x0000001d       0x2d c:/program files (x86)/emblocks/2.00/share/em_armgcc/bin/../lib/gcc/arm-none-eabi/4.7.3/armv7-m/crtbegin.o
 .ARM.attributes
                0x0000004a       0x1b c:/program files (x86)/emblocks/2.00/share/em_armgcc/bin/../lib/gcc/arm-none-eabi/4.7.3/../../../../arm-none-eabi/lib/armv7-m/crt0.o
 .ARM.attributes
                0x00000065       0x33 obj\debughd\hw_config.o
 .ARM.attributes
                0x00000098       0x33 obj\debughd\main.o
 .ARM.attributes
                0x000000cb       0x33 obj\debughd\stm32_it.o
 .ARM.attributes
                0x000000fe       0x33 obj\debughd\usb_desc.o
 .ARM.attributes
                0x00000131       0x33 obj\debughd\usb_endp.o
 .ARM.attributes
                0x00000164       0x33 obj\debughd\usb_istr.o
 .ARM.attributes
                0x00000197       0x33 obj\debughd\usb_prop.o
 .ARM.attributes
                0x000001ca       0x33 obj\debughd\usb_pwr.o
 .ARM.attributes
                0x000001fd       0x33 obj\debughd\usb_core.o
 .ARM.attributes
                0x00000230       0x33 obj\debughd\usb_init.o
 .ARM.attributes
                0x00000263       0x33 obj\debughd\usb_int.o
 .ARM.attributes
                0x00000296       0x33 obj\debughd\usb_mem.o
 .ARM.attributes
                0x000002c9       0x33 obj\debughd\usb_regs.o
 .ARM.attributes
                0x000002fc       0x33 obj\debughd\usb_sil.o
 .ARM.attributes
                0x0000032f       0x1b obj\debughd\startup_stm32f10x_hd.o
 .ARM.attributes
                0x0000034a       0x33 obj\debughd\system_stm32f10x.o
 .ARM.attributes
                0x0000037d       0x33 obj\debughd\misc.o
 .ARM.attributes
                0x000003b0       0x33 obj\debughd\stm32f10x_exti.o
 .ARM.attributes
                0x000003e3       0x33 obj\debughd\stm32f10x_gpio.o
 .ARM.attributes
                0x00000416       0x33 obj\debughd\stm32f10x_pwr.o
 .ARM.attributes
                0x00000449       0x33 obj\debughd\stm32f10x_rcc.o
 .ARM.attributes
                0x0000047c       0x2d c:/program files (x86)/emblocks/2.00/share/em_armgcc/bin/../lib/gcc/arm-none-eabi/4.7.3/../../../../arm-none-eabi/lib/armv7-m\libc.a(lib_a-__atexit.o)
 .ARM.attributes
                0x000004a9       0x2d c:/program files (x86)/emblocks/2.00/share/em_armgcc/bin/../lib/gcc/arm-none-eabi/4.7.3/../../../../arm-none-eabi/lib/armv7-m\libc.a(lib_a-exit.o)
 .ARM.attributes
                0x000004d6       0x2d c:/program files (x86)/emblocks/2.00/share/em_armgcc/bin/../lib/gcc/arm-none-eabi/4.7.3/../../../../arm-none-eabi/lib/armv7-m\libc.a(lib_a-fini.o)
 .ARM.attributes
                0x00000503       0x2d c:/program files (x86)/emblocks/2.00/share/em_armgcc/bin/../lib/gcc/arm-none-eabi/4.7.3/../../../../arm-none-eabi/lib/armv7-m\libc.a(lib_a-impure.o)
 .ARM.attributes
                0x00000530       0x2d c:/program files (x86)/emblocks/2.00/share/em_armgcc/bin/../lib/gcc/arm-none-eabi/4.7.3/../../../../arm-none-eabi/lib/armv7-m\libc.a(lib_a-init.o)
 .ARM.attributes
                0x0000055d       0x2d c:/program files (x86)/emblocks/2.00/share/em_armgcc/bin/../lib/gcc/arm-none-eabi/4.7.3/../../../../arm-none-eabi/lib/armv7-m\libc.a(lib_a-memset.o)
 .ARM.attributes
                0x0000058a       0x2d c:/program files (x86)/emblocks/2.00/share/em_armgcc/bin/../lib/gcc/arm-none-eabi/4.7.3/../../../../arm-none-eabi/lib/armv7-m\libc.a(lib_a-__call_atexit.o)
 .ARM.attributes
                0x000005b7       0x2d c:/program files (x86)/emblocks/2.00/share/em_armgcc/bin/../lib/gcc/arm-none-eabi/4.7.3/../../../../arm-none-eabi/lib/armv7-m\libc.a(lib_a-atexit.o)
 .ARM.attributes
                0x000005e4       0x2d c:/program files (x86)/emblocks/2.00/share/em_armgcc/bin/../lib/gcc/arm-none-eabi/4.7.3/../../../../arm-none-eabi/lib/armv7-m\libnosys.a(_exit.o)
 .ARM.attributes
                0x00000611       0x2d c:/program files (x86)/emblocks/2.00/share/em_armgcc/bin/../lib/gcc/arm-none-eabi/4.7.3/armv7-m/crtend.o
 .ARM.attributes
                0x0000063e       0x1d c:/program files (x86)/emblocks/2.00/share/em_armgcc/bin/../lib/gcc/arm-none-eabi/4.7.3/armv7-m/crtn.o

.comment        0x00000000       0x4e
 .comment       0x00000000       0x4e obj\debughd\hw_config.o
                                 0x4f (size before relaxing)
 .comment       0x00000000       0x4f obj\debughd\main.o
 .comment       0x00000000       0x4f obj\debughd\stm32_it.o
 .comment       0x00000000       0x4f obj\debughd\usb_desc.o
 .comment       0x00000000       0x4f obj\debughd\usb_endp.o
 .comment       0x00000000       0x4f obj\debughd\usb_istr.o
 .comment       0x00000000       0x4f obj\debughd\usb_prop.o
 .comment       0x00000000       0x4f obj\debughd\usb_pwr.o
 .comment       0x00000000       0x4f obj\debughd\usb_core.o
 .comment       0x00000000       0x4f obj\debughd\usb_init.o
 .comment       0x00000000       0x4f obj\debughd\usb_int.o
 .comment       0x00000000       0x4f obj\debughd\usb_mem.o
 .comment       0x00000000       0x4f obj\debughd\usb_regs.o
 .comment       0x00000000       0x4f obj\debughd\usb_sil.o
 .comment       0x00000000       0x4f obj\debughd\system_stm32f10x.o
 .comment       0x00000000       0x4f obj\debughd\misc.o
 .comment       0x00000000       0x4f obj\debughd\stm32f10x_exti.o
 .comment       0x00000000       0x4f obj\debughd\stm32f10x_gpio.o
 .comment       0x00000000       0x4f obj\debughd\stm32f10x_pwr.o
 .comment       0x00000000       0x4f obj\debughd\stm32f10x_rcc.o

.debug_info     0x00000000     0x6969
 .debug_info    0x00000000      0x90b obj\debughd\hw_config.o
 .debug_info    0x0000090b      0x148 obj\debughd\main.o
 .debug_info    0x00000a53      0x192 obj\debughd\stm32_it.o
 .debug_info    0x00000be5      0x1a4 obj\debughd\usb_desc.o
 .debug_info    0x00000d89      0x1ea obj\debughd\usb_endp.o
 .debug_info    0x00000f73      0x417 obj\debughd\usb_istr.o
 .debug_info    0x0000138a      0xae5 obj\debughd\usb_prop.o
 .debug_info    0x00001e6f      0x5c9 obj\debughd\usb_pwr.o
 .debug_info    0x00002438      0xc03 obj\debughd\usb_core.o
 .debug_info    0x0000303b      0x499 obj\debughd\usb_init.o
 .debug_info    0x000034d4      0x1e6 obj\debughd\usb_int.o
 .debug_info    0x000036ba      0x1ba obj\debughd\usb_mem.o
 .debug_info    0x00003874      0xdac obj\debughd\usb_regs.o
 .debug_info    0x00004620      0x175 obj\debughd\usb_sil.o
 .debug_info    0x00004795       0xa7 obj\debughd\startup_stm32f10x_hd.o
 .debug_info    0x0000483c      0x302 obj\debughd\system_stm32f10x.o
 .debug_info    0x00004b3e      0x596 obj\debughd\misc.o
 .debug_info    0x000050d4      0x371 obj\debughd\stm32f10x_exti.o
 .debug_info    0x00005445      0x73d obj\debughd\stm32f10x_gpio.o
 .debug_info    0x00005b82      0x4be obj\debughd\stm32f10x_pwr.o
 .debug_info    0x00006040      0x929 obj\debughd\stm32f10x_rcc.o

.debug_abbrev   0x00000000     0x1b25
 .debug_abbrev  0x00000000      0x259 obj\debughd\hw_config.o
 .debug_abbrev  0x00000259       0xcf obj\debughd\main.o
 .debug_abbrev  0x00000328       0x82 obj\debughd\stm32_it.o
 .debug_abbrev  0x000003aa       0x78 obj\debughd\usb_desc.o
 .debug_abbrev  0x00000422      0x115 obj\debughd\usb_endp.o
 .debug_abbrev  0x00000537      0x153 obj\debughd\usb_istr.o
 .debug_abbrev  0x0000068a      0x24a obj\debughd\usb_prop.o
 .debug_abbrev  0x000008d4      0x202 obj\debughd\usb_pwr.o
 .debug_abbrev  0x00000ad6      0x28e obj\debughd\usb_core.o
 .debug_abbrev  0x00000d64      0x123 obj\debughd\usb_init.o
 .debug_abbrev  0x00000e87       0xd3 obj\debughd\usb_int.o
 .debug_abbrev  0x00000f5a       0xa2 obj\debughd\usb_mem.o
 .debug_abbrev  0x00000ffc      0x172 obj\debughd\usb_regs.o
 .debug_abbrev  0x0000116e       0xc0 obj\debughd\usb_sil.o
 .debug_abbrev  0x0000122e       0x14 obj\debughd\startup_stm32f10x_hd.o
 .debug_abbrev  0x00001242      0x151 obj\debughd\system_stm32f10x.o
 .debug_abbrev  0x00001393      0x12c obj\debughd\misc.o
 .debug_abbrev  0x000014bf      0x156 obj\debughd\stm32f10x_exti.o
 .debug_abbrev  0x00001615      0x1cd obj\debughd\stm32f10x_gpio.o
 .debug_abbrev  0x000017e2      0x184 obj\debughd\stm32f10x_pwr.o
 .debug_abbrev  0x00001966      0x1bf obj\debughd\stm32f10x_rcc.o

.debug_loc      0x00000000     0x2c10
 .debug_loc     0x00000000      0x218 obj\debughd\hw_config.o
 .debug_loc     0x00000218       0x64 obj\debughd\main.o
 .debug_loc     0x0000027c      0x1e4 obj\debughd\stm32_it.o
 .debug_loc     0x00000460       0x64 obj\debughd\usb_endp.o
 .debug_loc     0x000004c4       0x38 obj\debughd\usb_istr.o
 .debug_loc     0x000004fc      0x388 obj\debughd\usb_prop.o
 .debug_loc     0x00000884      0x10c obj\debughd\usb_pwr.o
 .debug_loc     0x00000990      0x3f8 obj\debughd\usb_core.o
 .debug_loc     0x00000d88       0x2c obj\debughd\usb_init.o
 .debug_loc     0x00000db4       0x70 obj\debughd\usb_int.o
 .debug_loc     0x00000e24       0x70 obj\debughd\usb_mem.o
 .debug_loc     0x00000e94      0xcac obj\debughd\usb_regs.o
 .debug_loc     0x00001b40       0x9c obj\debughd\usb_sil.o
 .debug_loc     0x00001bdc       0xc8 obj\debughd\system_stm32f10x.o
 .debug_loc     0x00001ca4      0x118 obj\debughd\misc.o
 .debug_loc     0x00001dbc      0x1b4 obj\debughd\stm32f10x_exti.o
 .debug_loc     0x00001f70      0x3e4 obj\debughd\stm32f10x_gpio.o
 .debug_loc     0x00002354      0x1e0 obj\debughd\stm32f10x_pwr.o
 .debug_loc     0x00002534      0x6dc obj\debughd\stm32f10x_rcc.o

.debug_aranges  0x00000000      0x298
 .debug_aranges
                0x00000000       0x20 obj\debughd\hw_config.o
 .debug_aranges
                0x00000020       0x20 obj\debughd\main.o
 .debug_aranges
                0x00000040       0x20 obj\debughd\stm32_it.o
 .debug_aranges
                0x00000060       0x18 obj\debughd\usb_desc.o
 .debug_aranges
                0x00000078       0x20 obj\debughd\usb_endp.o
 .debug_aranges
                0x00000098       0x20 obj\debughd\usb_istr.o
 .debug_aranges
                0x000000b8       0x20 obj\debughd\usb_prop.o
 .debug_aranges
                0x000000d8       0x20 obj\debughd\usb_pwr.o
 .debug_aranges
                0x000000f8       0x20 obj\debughd\usb_core.o
 .debug_aranges
                0x00000118       0x20 obj\debughd\usb_init.o
 .debug_aranges
                0x00000138       0x20 obj\debughd\usb_int.o
 .debug_aranges
                0x00000158       0x20 obj\debughd\usb_mem.o
 .debug_aranges
                0x00000178       0x20 obj\debughd\usb_regs.o
 .debug_aranges
                0x00000198       0x20 obj\debughd\usb_sil.o
 .debug_aranges
                0x000001b8       0x20 obj\debughd\startup_stm32f10x_hd.o
 .debug_aranges
                0x000001d8       0x20 obj\debughd\system_stm32f10x.o
 .debug_aranges
                0x000001f8       0x20 obj\debughd\misc.o
 .debug_aranges
                0x00000218       0x20 obj\debughd\stm32f10x_exti.o
 .debug_aranges
                0x00000238       0x20 obj\debughd\stm32f10x_gpio.o
 .debug_aranges
                0x00000258       0x20 obj\debughd\stm32f10x_pwr.o
 .debug_aranges
                0x00000278       0x20 obj\debughd\stm32f10x_rcc.o

.debug_macro    0x00000000     0xd32e
 .debug_macro   0x00000000      0x194 obj\debughd\hw_config.o
 .debug_macro   0x00000194      0x820 obj\debughd\hw_config.o
 .debug_macro   0x000009b4       0x5d obj\debughd\hw_config.o
 .debug_macro   0x00000a11       0x3a obj\debughd\hw_config.o
 .debug_macro   0x00000a4b       0x3a obj\debughd\hw_config.o
 .debug_macro   0x00000a85       0x10 obj\debughd\hw_config.o
 .debug_macro   0x00000a95       0x2e obj\debughd\hw_config.o
 .debug_macro   0x00000ac3       0xa2 obj\debughd\hw_config.o
 .debug_macro   0x00000b65      0x20e obj\debughd\hw_config.o
 .debug_macro   0x00000d73       0x18 obj\debughd\hw_config.o
 .debug_macro   0x00000d8b      0xa36 obj\debughd\hw_config.o
 .debug_macro   0x000017c1     0x7f62 obj\debughd\hw_config.o
 .debug_macro   0x00009723       0x97 obj\debughd\hw_config.o
 .debug_macro   0x000097ba      0x2ad obj\debughd\hw_config.o
 .debug_macro   0x00009a67       0x82 obj\debughd\hw_config.o
 .debug_macro   0x00009ae9      0x3e2 obj\debughd\hw_config.o
 .debug_macro   0x00009ecb      0x711 obj\debughd\hw_config.o
 .debug_macro   0x0000a5dc      0x229 obj\debughd\hw_config.o
 .debug_macro   0x0000a805       0x8c obj\debughd\hw_config.o
 .debug_macro   0x0000a891       0x35 obj\debughd\hw_config.o
 .debug_macro   0x0000a8c6       0x6a obj\debughd\hw_config.o
 .debug_macro   0x0000a930       0x7c obj\debughd\hw_config.o
 .debug_macro   0x0000a9ac      0x454 obj\debughd\hw_config.o
 .debug_macro   0x0000ae00       0x28 obj\debughd\hw_config.o
 .debug_macro   0x0000ae28       0x5e obj\debughd\hw_config.o
 .debug_macro   0x0000ae86       0x9a obj\debughd\hw_config.o
 .debug_macro   0x0000af20      0x18b obj\debughd\main.o
 .debug_macro   0x0000b0ab      0x1a7 obj\debughd\stm32_it.o
 .debug_macro   0x0000b252      0x18a obj\debughd\usb_desc.o
 .debug_macro   0x0000b3dc      0x198 obj\debughd\usb_endp.o
 .debug_macro   0x0000b574      0x1a2 obj\debughd\usb_istr.o
 .debug_macro   0x0000b716       0x3a obj\debughd\usb_istr.o
 .debug_macro   0x0000b750      0x19d obj\debughd\usb_prop.o
 .debug_macro   0x0000b8ed      0x18b obj\debughd\usb_pwr.o
 .debug_macro   0x0000ba78      0x1bd obj\debughd\usb_core.o
 .debug_macro   0x0000bc35      0x181 obj\debughd\usb_init.o
 .debug_macro   0x0000bdb6      0x181 obj\debughd\usb_int.o
 .debug_macro   0x0000bf37      0x181 obj\debughd\usb_mem.o
 .debug_macro   0x0000c0b8      0x181 obj\debughd\usb_regs.o
 .debug_macro   0x0000c239      0x181 obj\debughd\usb_sil.o
 .debug_macro   0x0000c3ba      0x10b obj\debughd\system_stm32f10x.o
 .debug_macro   0x0000c4c5      0x10e obj\debughd\misc.o
 .debug_macro   0x0000c5d3       0x86 obj\debughd\misc.o
 .debug_macro   0x0000c659      0x10e obj\debughd\stm32f10x_exti.o
 .debug_macro   0x0000c767      0x2a7 obj\debughd\stm32f10x_exti.o
 .debug_macro   0x0000ca0e      0x156 obj\debughd\stm32f10x_gpio.o
 .debug_macro   0x0000cb64      0x14a obj\debughd\stm32f10x_pwr.o
 .debug_macro   0x0000ccae       0x7c obj\debughd\stm32f10x_pwr.o
 .debug_macro   0x0000cd2a      0x228 obj\debughd\stm32f10x_rcc.o
 .debug_macro   0x0000cf52      0x3dc obj\debughd\stm32f10x_rcc.o

.debug_line     0x00000000     0x5e0b
 .debug_line    0x00000000      0x4d7 obj\debughd\hw_config.o
 .debug_line    0x000004d7      0x45f obj\debughd\main.o
 .debug_line    0x00000936      0x49c obj\debughd\stm32_it.o
 .debug_line    0x00000dd2      0x437 obj\debughd\usb_desc.o
 .debug_line    0x00001209      0x46c obj\debughd\usb_endp.o
 .debug_line    0x00001675      0x4c1 obj\debughd\usb_istr.o
 .debug_line    0x00001b36      0x50d obj\debughd\usb_prop.o
 .debug_line    0x00002043      0x4e6 obj\debughd\usb_pwr.o
 .debug_line    0x00002529      0x68e obj\debughd\usb_core.o
 .debug_line    0x00002bb7      0x446 obj\debughd\usb_init.o
 .debug_line    0x00002ffd      0x51b obj\debughd\usb_int.o
 .debug_line    0x00003518      0x48d obj\debughd\usb_mem.o
 .debug_line    0x000039a5      0x6e9 obj\debughd\usb_regs.o
 .debug_line    0x0000408e      0x452 obj\debughd\usb_sil.o
 .debug_line    0x000044e0       0xb8 obj\debughd\startup_stm32f10x_hd.o
 .debug_line    0x00004598      0x409 obj\debughd\system_stm32f10x.o
 .debug_line    0x000049a1      0x3a7 obj\debughd\misc.o
 .debug_line    0x00004d48      0x3d6 obj\debughd\stm32f10x_exti.o
 .debug_line    0x0000511e      0x45b obj\debughd\stm32f10x_gpio.o
 .debug_line    0x00005579      0x3d9 obj\debughd\stm32f10x_pwr.o
 .debug_line    0x00005952      0x4b9 obj\debughd\stm32f10x_rcc.o

.debug_str      0x00000000    0x4336f
 .debug_str     0x00000000    0x409d5 obj\debughd\hw_config.o
                              0x40ae9 (size before relaxing)
 .debug_str     0x000409d5       0x1d obj\debughd\main.o
                              0x3ffb4 (size before relaxing)
 .debug_str     0x000409f2       0xeb obj\debughd\stm32_it.o
                              0x40012 (size before relaxing)
 .debug_str     0x00040add       0x88 obj\debughd\usb_desc.o
                              0x40224 (size before relaxing)
 .debug_str     0x00040b65       0x65 obj\debughd\usb_endp.o
                              0x4023e (size before relaxing)
 .debug_str     0x00040bca      0x2ba obj\debughd\usb_istr.o
                              0x402d6 (size before relaxing)
 .debug_str     0x00040e84      0x48e obj\debughd\usb_prop.o
                              0x40b3f (size before relaxing)
 .debug_str     0x00041312       0xea obj\debughd\usb_pwr.o
                              0x401a7 (size before relaxing)
 .debug_str     0x000413fc      0x501 obj\debughd\usb_core.o
                              0x409a2 (size before relaxing)
 .debug_str     0x000418fd       0x31 obj\debughd\usb_init.o
                              0x402e3 (size before relaxing)
 .debug_str     0x0004192e       0x2a obj\debughd\usb_int.o
                              0x3ff97 (size before relaxing)
 .debug_str     0x00041958       0x6d obj\debughd\usb_mem.o
                              0x3ff98 (size before relaxing)
 .debug_str     0x000419c5      0x3d9 obj\debughd\usb_regs.o
                              0x40320 (size before relaxing)
 .debug_str     0x00041d9e       0x6b obj\debughd\usb_sil.o
                              0x3ffa6 (size before relaxing)
 .debug_str     0x00041e09      0x128 obj\debughd\system_stm32f10x.o
                              0x3db37 (size before relaxing)
 .debug_str     0x00041f31      0x168 obj\debughd\misc.o
                              0x3dc6a (size before relaxing)
 .debug_str     0x00042099      0x10c obj\debughd\stm32f10x_exti.o
                              0x3dbf7 (size before relaxing)
 .debug_str     0x000421a5      0x45f obj\debughd\stm32f10x_gpio.o
                              0x3dfd1 (size before relaxing)
 .debug_str     0x00042604      0x29c obj\debughd\stm32f10x_pwr.o
                              0x3dd4c (size before relaxing)
 .debug_str     0x000428a0      0xacf obj\debughd\stm32f10x_rcc.o
                              0x3e5b7 (size before relaxing)

.debug_frame    0x00000000     0x19e4
 .debug_frame   0x00000000      0x144 obj\debughd\hw_config.o
 .debug_frame   0x00000144       0x48 obj\debughd\main.o
 .debug_frame   0x0000018c      0x120 obj\debughd\stm32_it.o
 .debug_frame   0x000002ac       0x48 obj\debughd\usb_endp.o
 .debug_frame   0x000002f4       0x30 obj\debughd\usb_istr.o
 .debug_frame   0x00000324      0x204 obj\debughd\usb_prop.o
 .debug_frame   0x00000528       0xa8 obj\debughd\usb_pwr.o
 .debug_frame   0x000005d0      0x254 obj\debughd\usb_core.o
 .debug_frame   0x00000824       0x2c obj\debughd\usb_init.o
 .debug_frame   0x00000850       0x50 obj\debughd\usb_int.o
 .debug_frame   0x000008a0       0x48 obj\debughd\usb_mem.o
 .debug_frame   0x000008e8      0x684 obj\debughd\usb_regs.o
 .debug_frame   0x00000f6c       0x68 obj\debughd\usb_sil.o
 .debug_frame   0x00000fd4       0x80 obj\debughd\system_stm32f10x.o
 .debug_frame   0x00001054       0x9c obj\debughd\misc.o
 .debug_frame   0x000010f0       0xec obj\debughd\stm32f10x_exti.o
 .debug_frame   0x000011dc      0x210 obj\debughd\stm32f10x_gpio.o
 .debug_frame   0x000013ec      0x108 obj\debughd\stm32f10x_pwr.o
 .debug_frame   0x000014f4      0x388 obj\debughd\stm32f10x_rcc.o
 .debug_frame   0x0000187c       0x34 c:/program files (x86)/emblocks/2.00/share/em_armgcc/bin/../lib/gcc/arm-none-eabi/4.7.3/../../../../arm-none-eabi/lib/armv7-m\libc.a(lib_a-__atexit.o)
 .debug_frame   0x000018b0       0x28 c:/program files (x86)/emblocks/2.00/share/em_armgcc/bin/../lib/gcc/arm-none-eabi/4.7.3/../../../../arm-none-eabi/lib/armv7-m\libc.a(lib_a-exit.o)
 .debug_frame   0x000018d8       0x2c c:/program files (x86)/emblocks/2.00/share/em_armgcc/bin/../lib/gcc/arm-none-eabi/4.7.3/../../../../arm-none-eabi/lib/armv7-m\libc.a(lib_a-fini.o)
 .debug_frame   0x00001904       0x2c c:/program files (x86)/emblocks/2.00/share/em_armgcc/bin/../lib/gcc/arm-none-eabi/4.7.3/../../../../arm-none-eabi/lib/armv7-m\libc.a(lib_a-init.o)
 .debug_frame   0x00001930       0x2c c:/program files (x86)/emblocks/2.00/share/em_armgcc/bin/../lib/gcc/arm-none-eabi/4.7.3/../../../../arm-none-eabi/lib/armv7-m\libc.a(lib_a-memset.o)
 .debug_frame   0x0000195c       0x48 c:/program files (x86)/emblocks/2.00/share/em_armgcc/bin/../lib/gcc/arm-none-eabi/4.7.3/../../../../arm-none-eabi/lib/armv7-m\libc.a(lib_a-__call_atexit.o)
 .debug_frame   0x000019a4       0x20 c:/program files (x86)/emblocks/2.00/share/em_armgcc/bin/../lib/gcc/arm-none-eabi/4.7.3/../../../../arm-none-eabi/lib/armv7-m\libc.a(lib_a-atexit.o)
 .debug_frame   0x000019c4       0x20 c:/program files (x86)/emblocks/2.00/share/em_armgcc/bin/../lib/gcc/arm-none-eabi/4.7.3/../../../../arm-none-eabi/lib/armv7-m\libnosys.a(_exit.o)
