Archive member included because of file (symbol)

c:/program files (x86)/emblocks/2.20/share/em_armgcc/bin/../lib/gcc/arm-none-eabi/4.7.3/../../../../arm-none-eabi/lib/armv7-m\libc_n.a(lib_a-__atexit2.o)
                              c:/program files (x86)/emblocks/2.20/share/em_armgcc/bin/../lib/gcc/arm-none-eabi/4.7.3/../../../../arm-none-eabi/lib/armv7-m/crt0.o (__register_exitproc)
c:/program files (x86)/emblocks/2.20/share/em_armgcc/bin/../lib/gcc/arm-none-eabi/4.7.3/../../../../arm-none-eabi/lib/armv7-m\libc_n.a(lib_a-exit.o)
                              c:/program files (x86)/emblocks/2.20/share/em_armgcc/bin/../lib/gcc/arm-none-eabi/4.7.3/../../../../arm-none-eabi/lib/armv7-m/crt0.o (exit)
c:/program files (x86)/emblocks/2.20/share/em_armgcc/bin/../lib/gcc/arm-none-eabi/4.7.3/../../../../arm-none-eabi/lib/armv7-m\libc_n.a(lib_a-fini.o)
                              c:/program files (x86)/emblocks/2.20/share/em_armgcc/bin/../lib/gcc/arm-none-eabi/4.7.3/../../../../arm-none-eabi/lib/armv7-m/crt0.o (__libc_fini_array)
c:/program files (x86)/emblocks/2.20/share/em_armgcc/bin/../lib/gcc/arm-none-eabi/4.7.3/../../../../arm-none-eabi/lib/armv7-m\libc_n.a(lib_a-impure.o)
                              c:/program files (x86)/emblocks/2.20/share/em_armgcc/bin/../lib/gcc/arm-none-eabi/4.7.3/../../../../arm-none-eabi/lib/armv7-m\libc_n.a(lib_a-exit.o) (_global_impure_ptr)
c:/program files (x86)/emblocks/2.20/share/em_armgcc/bin/../lib/gcc/arm-none-eabi/4.7.3/../../../../arm-none-eabi/lib/armv7-m\libc_n.a(lib_a-init.o)
                              c:/program files (x86)/emblocks/2.20/share/em_armgcc/bin/../lib/gcc/arm-none-eabi/4.7.3/../../../../arm-none-eabi/lib/armv7-m/crt0.o (__libc_init_array)
c:/program files (x86)/emblocks/2.20/share/em_armgcc/bin/../lib/gcc/arm-none-eabi/4.7.3/../../../../arm-none-eabi/lib/armv7-m\libc_n.a(lib_a-memcpy.o)
                              obj\debug\freertos\source\queue.o (memcpy)
c:/program files (x86)/emblocks/2.20/share/em_armgcc/bin/../lib/gcc/arm-none-eabi/4.7.3/../../../../arm-none-eabi/lib/armv7-m\libc_n.a(lib_a-memset.o)
                              c:/program files (x86)/emblocks/2.20/share/em_armgcc/bin/../lib/gcc/arm-none-eabi/4.7.3/../../../../arm-none-eabi/lib/armv7-m/crt0.o (memset)
c:/program files (x86)/emblocks/2.20/share/em_armgcc/bin/../lib/gcc/arm-none-eabi/4.7.3/../../../../arm-none-eabi/lib/armv7-m\libnosys.a(_exit.o)
                              c:/program files (x86)/emblocks/2.20/share/em_armgcc/bin/../lib/gcc/arm-none-eabi/4.7.3/../../../../arm-none-eabi/lib/armv7-m\libc_n.a(lib_a-exit.o) (_exit)

Discarded input sections

 .text          0x00000000        0x0 c:/program files (x86)/emblocks/2.20/share/em_armgcc/bin/../lib/gcc/arm-none-eabi/4.7.3/armv7-m/crti.o
 .data          0x00000000        0x0 c:/program files (x86)/emblocks/2.20/share/em_armgcc/bin/../lib/gcc/arm-none-eabi/4.7.3/armv7-m/crti.o
 .bss           0x00000000        0x0 c:/program files (x86)/emblocks/2.20/share/em_armgcc/bin/../lib/gcc/arm-none-eabi/4.7.3/armv7-m/crti.o
 .data          0x00000000        0x4 c:/program files (x86)/emblocks/2.20/share/em_armgcc/bin/../lib/gcc/arm-none-eabi/4.7.3/armv7-m/crtbegin.o
 .data          0x00000000        0x0 c:/program files (x86)/emblocks/2.20/share/em_armgcc/bin/../lib/gcc/arm-none-eabi/4.7.3/../../../../arm-none-eabi/lib/armv7-m/crt0.o
 .bss           0x00000000        0x0 c:/program files (x86)/emblocks/2.20/share/em_armgcc/bin/../lib/gcc/arm-none-eabi/4.7.3/../../../../arm-none-eabi/lib/armv7-m/crt0.o
 .ARM.extab     0x00000000        0x0 c:/program files (x86)/emblocks/2.20/share/em_armgcc/bin/../lib/gcc/arm-none-eabi/4.7.3/../../../../arm-none-eabi/lib/armv7-m/crt0.o
 .group         0x00000000        0x8 obj\debug\freertos\source\croutine.o
 .group         0x00000000        0x8 obj\debug\freertos\source\croutine.o
 .group         0x00000000        0x8 obj\debug\freertos\source\croutine.o
 .group         0x00000000        0x8 obj\debug\freertos\source\croutine.o
 .group         0x00000000        0x8 obj\debug\freertos\source\croutine.o
 .group         0x00000000        0x8 obj\debug\freertos\source\croutine.o
 .group         0x00000000        0x8 obj\debug\freertos\source\croutine.o
 .group         0x00000000        0x8 obj\debug\freertos\source\croutine.o
 .group         0x00000000        0x8 obj\debug\freertos\source\croutine.o
 .group         0x00000000        0x8 obj\debug\freertos\source\croutine.o
 .group         0x00000000        0x8 obj\debug\freertos\source\croutine.o
 .group         0x00000000        0x8 obj\debug\freertos\source\croutine.o
 .group         0x00000000        0x8 obj\debug\freertos\source\croutine.o
 .group         0x00000000        0x8 obj\debug\freertos\source\croutine.o
 .group         0x00000000        0x8 obj\debug\freertos\source\croutine.o
 .group         0x00000000        0x8 obj\debug\freertos\source\croutine.o
 .text          0x00000000        0x0 obj\debug\freertos\source\croutine.o
[...]
Memory Configuration

Name             Origin             Length             Attributes
ROM              0x08000000         0x00020000         xr
RAM              0x20000000         0x00005000         xrw
*default*        0x00000000         0xffffffff

Linker script and memory map

LOAD c:/program files (x86)/emblocks/2.20/share/em_armgcc/bin/../lib/gcc/arm-none-eabi/4.7.3/armv7-m/crti.o
LOAD c:/program files (x86)/emblocks/2.20/share/em_armgcc/bin/../lib/gcc/arm-none-eabi/4.7.3/armv7-m/crtbegin.o
LOAD c:/program files (x86)/emblocks/2.20/share/em_armgcc/bin/../lib/gcc/arm-none-eabi/4.7.3/../../../../arm-none-eabi/lib/armv7-m/crt0.o
                0x00000000                __HEAP_SIZE = 0x0
                0x00000100                __STACK_SIZE = 0x100

.text           0x08000000     0x25b4
 *(.isr_vector)
 .isr_vector    0x08000000       0xec obj\debug\src\startup_stm32f10x_md.o
                0x08000000                __isr_vector
 *(.text*)
 .text          0x080000ec       0x54 c:/program files (x86)/emblocks/2.20/share/em_armgcc/bin/../lib/gcc/arm-none-eabi/4.7.3/armv7-m/crtbegin.o
 .text          0x08000140       0x70 c:/program files (x86)/emblocks/2.20/share/em_armgcc/bin/../lib/gcc/arm-none-eabi/4.7.3/../../../../arm-none-eabi/lib/armv7-m/crt0.o
                0x08000140                _start
                0x08000140                start
                0x08000140                _mainCRTStartup
 .text.vListInitialise
                0x080001b0       0x40 obj\debug\freertos\source\list.o
                0x080001b0                vListInitialise
 .text.vListInitialiseItem
                0x080001f0       0x1c obj\debug\freertos\source\list.o
                0x080001f0                vListInitialiseItem
 .text.vListInsertEnd
                0x0800020c       0x48 obj\debug\freertos\source\list.o
                0x0800020c                vListInsertEnd
 .text.vListInsert
                0x08000254       0x74 obj\debug\freertos\source\list.o
                0x08000254                vListInsert
 .text.uxListRemove
                0x080002c8       0x58 obj\debug\freertos\source\list.o
                0x080002c8                uxListRemove
 .text.pxPortInitialiseStack
                0x08000320       0x64 obj\debug\freertos\source\portable\arm_cm3\port.o
                0x08000320                pxPortInitialiseStack
 .text.prvTaskExitError
                0x08000384        0xc obj\debug\freertos\source\portable\arm_cm3\port.o
 .text.SVC_Handler
                0x08000390       0x24 obj\debug\freertos\source\portable\arm_cm3\port.o
                0x08000390                SVC_Handler
 .text.prvPortStartFirstTask
                0x080003b4       0x20 obj\debug\freertos\source\portable\arm_cm3\port.o
 .text.xPortStartScheduler
                0x080003d4       0x58 obj\debug\freertos\source\portable\arm_cm3\port.o
                0x080003d4                xPortStartScheduler
 .text.vPortYield
                0x0800042c       0x20 obj\debug\freertos\source\portable\arm_cm3\port.o
                0x0800042c                vPortYield
 .text.vPortEnterCritical
                0x0800044c       0x2c obj\debug\freertos\source\portable\arm_cm3\port.o
                0x0800044c                vPortEnterCritical
 .text.vPortExitCritical
                0x08000478       0x34 obj\debug\freertos\source\portable\arm_cm3\port.o
                0x08000478                vPortExitCritical
 .text.ulPortSetInterruptMask
                0x080004ac       0x14 obj\debug\freertos\source\portable\arm_cm3\port.o
                0x080004ac                ulPortSetInterruptMask
 .text.vPortClearInterruptMask
                0x080004c0        0x8 obj\debug\freertos\source\portable\arm_cm3\port.o
                0x080004c0                vPortClearInterruptMask
 .text.PendSV_Handler
                0x080004c8       0x44 obj\debug\freertos\source\portable\arm_cm3\port.o
                0x080004c8                PendSV_Handler
 .text.SysTick_Handler
                0x0800050c       0x2c obj\debug\freertos\source\portable\arm_cm3\port.o
                0x0800050c                SysTick_Handler
 .text.vPortSetupTimerInterrupt
                0x08000538       0x2c obj\debug\freertos\source\portable\arm_cm3\port.o
                0x08000538                vPortSetupTimerInterrupt
 .text.pvPortMalloc
                0x08000564      0x15c obj\debug\freertos\source\portable\memmang\heap_2.o
                0x08000564                pvPortMalloc
 .text.vPortFree
                0x080006c0       0x88 obj\debug\freertos\source\portable\memmang\heap_2.o
                0x080006c0                vPortFree
 .text.prvHeapInit
                0x08000748       0x6c obj\debug\freertos\source\portable\memmang\heap_2.o
 .text.xTaskGenericCreate
                0x080007b4      0x18c obj\debug\freertos\source\tasks.o
                0x080007b4                xTaskGenericCreate
 .text.vTaskDelay
                0x08000940       0x90 obj\debug\freertos\source\tasks.o
                0x08000940                vTaskDelay
 .text.vTaskStartScheduler
                0x080009d0       0x70 obj\debug\freertos\source\tasks.o
                0x080009d0                vTaskStartScheduler
 .text.vTaskSuspendAll
                0x08000a40       0x24 obj\debug\freertos\source\tasks.o
                0x08000a40                vTaskSuspendAll
 .text.xTaskResumeAll
                0x08000a64      0x160 obj\debug\freertos\source\tasks.o
                0x08000a64                xTaskResumeAll
 .text.xTaskIncrementTick
                0x08000bc4      0x200 obj\debug\freertos\source\tasks.o
                0x08000bc4                xTaskIncrementTick
 .text.vTaskSwitchContext
                0x08000dc4       0xa4 obj\debug\freertos\source\tasks.o
                0x08000dc4                vTaskSwitchContext
 .text.prvIdleTask
                0x08000e68       0x24 obj\debug\freertos\source\tasks.o
 .text.prvInitialiseTCBVariables
                0x08000e8c       0xa8 obj\debug\freertos\source\tasks.o
 .text.prvInitialiseTaskLists
                0x08000f34       0xa4 obj\debug\freertos\source\tasks.o
 .text.prvCheckTasksWaitingTermination
                0x08000fd8       0x9c obj\debug\freertos\source\tasks.o
 .text.prvAddCurrentTaskToDelayedList
                0x08001074       0x8c obj\debug\freertos\source\tasks.o
 .text.prvAllocateTCBAndStack
                0x08001100       0x58 obj\debug\freertos\source\tasks.o
 .text.prvDeleteTCB
                0x08001158       0x20 obj\debug\freertos\source\tasks.o
 .text.prvResetNextTaskUnblockTime
                0x08001178       0x5c obj\debug\freertos\source\tasks.o
 .text.CAN_Init
                0x080011d4      0x1bc obj\debug\spl\src\stm32f10x_can.o
                0x080011d4                CAN_Init
 .text.CAN_Transmit
                0x08001390      0x1dc obj\debug\spl\src\stm32f10x_can.o
                0x08001390                CAN_Transmit
 .text.CAN_ITConfig
                0x0800156c       0x3c obj\debug\spl\src\stm32f10x_can.o
                0x0800156c                CAN_ITConfig
 .text.GPIO_Init
                0x080015a8      0x1b0 obj\debug\spl\src\stm32f10x_gpio.o
                0x080015a8                GPIO_Init
 .text.GPIO_PinRemapConfig
                0x08001758      0x120 obj\debug\spl\src\stm32f10x_gpio.o
                0x08001758                GPIO_PinRemapConfig
 .text.RCC_APB2PeriphClockCmd
                0x08001878       0x54 obj\debug\spl\src\stm32f10x_rcc.o
                0x08001878                RCC_APB2PeriphClockCmd
 .text.RCC_APB1PeriphClockCmd
                0x080018cc       0x54 obj\debug\spl\src\stm32f10x_rcc.o
                0x080018cc                RCC_APB1PeriphClockCmd
 .text.GPIO_Set
                0x08001920       0xe4 obj\debug\src\main.o
                0x08001920                GPIO_Set
 .text.CAN_Seting
                0x08001a04       0xa0 obj\debug\src\main.o
                0x08001a04                CAN_Seting
 .text.CAN_TxMSG1
                0x08001aa4       0x94 obj\debug\src\main.o
                0x08001aa4                CAN_TxMSG1
 .text.CAN_TxMSG2
                0x08001b38       0x90 obj\debug\src\main.o
                0x08001b38                CAN_TxMSG2
 .text.CAN_TxMSG3
                0x08001bc8       0x90 obj\debug\src\main.o
                0x08001bc8                CAN_TxMSG3
 .text.CAN_TxMSG4
                0x08001c58       0x90 obj\debug\src\main.o
                0x08001c58                CAN_TxMSG4
 .text.CAN_TxMSG5
                0x08001ce8       0x90 obj\debug\src\main.o
                0x08001ce8                CAN_TxMSG5
 .text.CAN_TxMSG6
                0x08001d78       0x90 obj\debug\src\main.o
                0x08001d78                CAN_TxMSG6
 .text.CAN_TxMSG7
                0x08001e08       0x90 obj\debug\src\main.o
                0x08001e08                CAN_TxMSG7
 .text.CAN_TxMSG8
                0x08001e98       0x90 obj\debug\src\main.o
                0x08001e98                CAN_TxMSG8
 .text.prvLedBlink2
                0x08001f28       0x2c obj\debug\src\main.o
                0x08001f28                prvLedBlink2
 .text.main     0x08001f54      0x1e8 obj\debug\src\main.o
                0x08001f54                main
 .text.vApplicationTickHook
                0x0800213c        0xc obj\debug\src\main.o
                0x0800213c                vApplicationTickHook
 .text          0x08002148       0xa0 obj\debug\src\startup_stm32f10x_md.o
                0x08002148                Reset_Handler
                0x0800217c                NMI_Handler
                0x0800217e                HardFault_Handler
                0x08002180                MemManage_Handler
                0x08002182                BusFault_Handler
                0x08002184                UsageFault_Handler
                0x08002188                DebugMon_Handler
                0x0800218e                Default_Handler
                0x08002190                WWDG_IRQHandler
                0x08002192                PVD_IRQHandler
                0x08002194                TAMPER_IRQHandler
                0x08002196                RTC_IRQHandler
                0x08002198                FLASH_IRQHandler
                0x0800219a                RCC_IRQHandler
                0x0800219c                EXTI0_IRQHandler
                0x0800219e                EXTI1_IRQHandler
                0x080021a0                EXTI2_IRQHandler
                0x080021a2                EXTI3_IRQHandler
                0x080021a4                EXTI4_IRQHandler
                0x080021a6                DMA1_Channel1_IRQHandler
                0x080021a8                DMA1_Channel2_IRQHandler
                0x080021aa                DMA1_Channel3_IRQHandler
                0x080021ac                DMA1_Channel4_IRQHandler
                0x080021ae                DMA1_Channel5_IRQHandler
                0x080021b0                DMA1_Channel6_IRQHandler
                0x080021b2                DMA1_Channel7_IRQHandler
                0x080021b4                ADC1_2_IRQHandler
                0x080021b6                USB_HP_CAN1_TX_IRQHandler
                0x080021b8                USB_LP_CAN1_RX0_IRQHandler
                0x080021ba                CAN1_RX1_IRQHandler
                0x080021bc                CAN1_SCE_IRQHandler
                0x080021be                EXTI9_5_IRQHandler
                0x080021c0                TIM1_BRK_IRQHandler
                0x080021c2                TIM1_UP_IRQHandler
                0x080021c4                TIM1_TRG_COM_IRQHandler
                0x080021c6                TIM1_CC_IRQHandler
                0x080021c8                TIM2_IRQHandler
                0x080021ca                TIM3_IRQHandler
                0x080021cc                TIM4_IRQHandler
                0x080021ce                I2C1_EV_IRQHandler
                0x080021d0                I2C1_ER_IRQHandler
                0x080021d2                I2C2_EV_IRQHandler
                0x080021d4                I2C2_ER_IRQHandler
                0x080021d6                SPI1_IRQHandler
                0x080021d8                SPI2_IRQHandler
                0x080021da                USART1_IRQHandler
                0x080021dc                USART2_IRQHandler
                0x080021de                USART3_IRQHandler
                0x080021e0                EXTI15_10_IRQHandler
                0x080021e2                RTCAlarm_IRQHandler
                0x080021e4                USBWakeUp_IRQHandler
 .text.SystemInit
                0x080021e8       0xa8 obj\debug\src\system_stm32f10x.o
                0x080021e8                SystemInit
 .text.SetSysClock
                0x08002290        0xc obj\debug\src\system_stm32f10x.o
 .text.SetSysClockTo72
                0x0800229c      0x1ac obj\debug\src\system_stm32f10x.o
 .text.__register_exitproc
                0x08002448       0x14 c:/program files (x86)/emblocks/2.20/share/em_armgcc/bin/../lib/gcc/arm-none-eabi/4.7.3/../../../../arm-none-eabi/lib/armv7-m\libc_n.a(lib_a-__atexit2.o)
                0x08002448                __register_exitproc
 .text.exit     0x0800245c       0x2c c:/program files (x86)/emblocks/2.20/share/em_armgcc/bin/../lib/gcc/arm-none-eabi/4.7.3/../../../../arm-none-eabi/lib/armv7-m\libc_n.a(lib_a-exit.o)
                0x0800245c                exit
 .text.__libc_fini_array
                0x08002488       0x30 c:/program files (x86)/emblocks/2.20/share/em_armgcc/bin/../lib/gcc/arm-none-eabi/4.7.3/../../../../arm-none-eabi/lib/armv7-m\libc_n.a(lib_a-fini.o)
                0x08002488                __libc_fini_array
 .text.__libc_init_array
                0x080024b8       0x4c c:/program files (x86)/emblocks/2.20/share/em_armgcc/bin/../lib/gcc/arm-none-eabi/4.7.3/../../../../arm-none-eabi/lib/armv7-m\libc_n.a(lib_a-init.o)
                0x080024b8                __libc_init_array
 .text.memset   0x08002504       0x10 c:/program files (x86)/emblocks/2.20/share/em_armgcc/bin/../lib/gcc/arm-none-eabi/4.7.3/../../../../arm-none-eabi/lib/armv7-m\libc_n.a(lib_a-memset.o)
                0x08002504                memset
 .text._exit    0x08002514        0x4 c:/program files (x86)/emblocks/2.20/share/em_armgcc/bin/../lib/gcc/arm-none-eabi/4.7.3/../../../../arm-none-eabi/lib/armv7-m\libnosys.a(_exit.o)
                0x08002514                _exit
 *(.init)
 .init          0x08002518        0x4 c:/program files (x86)/emblocks/2.20/share/em_armgcc/bin/../lib/gcc/arm-none-eabi/4.7.3/armv7-m/crti.o
                0x08002518                _init
 .init          0x0800251c        0x8 c:/program files (x86)/emblocks/2.20/share/em_armgcc/bin/../lib/gcc/arm-none-eabi/4.7.3/armv7-m/crtn.o
 *(.fini)
 .fini          0x08002524        0x4 c:/program files (x86)/emblocks/2.20/share/em_armgcc/bin/../lib/gcc/arm-none-eabi/4.7.3/armv7-m/crti.o
                0x08002524                _fini
 .fini          0x08002528        0x8 c:/program files (x86)/emblocks/2.20/share/em_armgcc/bin/../lib/gcc/arm-none-eabi/4.7.3/armv7-m/crtn.o
 *crtbegin.o(.ctors)
 *crtbegin?.o(.ctors)
 *(EXCLUDE_FILE(*crtend.o *crtend?.o) .ctors)
 *(SORT(.ctors.*))
 *(.ctors)
 *crtbegin.o(.dtors)
 *crtbegin?.o(.dtors)
 *(EXCLUDE_FILE(*crtend.o *crtend?.o) .dtors)
 *(SORT(.dtors.*))
 *(.dtors)
 *(.rodata*)
 .rodata.heapSTRUCT_SIZE
                0x08002530        0x2 obj\debug\freertos\source\portable\memmang\heap_2.o
 *fill*         0x08002532        0x2 
 .rodata        0x08002534        0x8 obj\debug\freertos\source\tasks.o
 .rodata        0x0800253c       0x6c obj\debug\src\main.o
 .rodata.str1.1
                0x080025a8        0x2 c:/program files (x86)/emblocks/2.20/share/em_armgcc/bin/../lib/gcc/arm-none-eabi/4.7.3/../../../../arm-none-eabi/lib/armv7-m\libc_n.a(lib_a-impure.o)
 *fill*         0x080025aa        0x2 
 .rodata._global_impure_ptr
                0x080025ac        0x4 c:/program files (x86)/emblocks/2.20/share/em_armgcc/bin/../lib/gcc/arm-none-eabi/4.7.3/../../../../arm-none-eabi/lib/armv7-m\libc_n.a(lib_a-impure.o)
                0x080025ac                _global_impure_ptr
 *(.eh_frame*)
 .eh_frame      0x080025b0        0x0 c:/program files (x86)/emblocks/2.20/share/em_armgcc/bin/../lib/gcc/arm-none-eabi/4.7.3/armv7-m/crtbegin.o
 .eh_frame      0x080025b0        0x4 c:/program files (x86)/emblocks/2.20/share/em_armgcc/bin/../lib/gcc/arm-none-eabi/4.7.3/armv7-m/crtend.o

.glue_7         0x080025b4        0x0
 .glue_7        0x00000000        0x0 linker stubs

.glue_7t        0x080025b4        0x0
 .glue_7t       0x00000000        0x0 linker stubs

.vfp11_veneer   0x080025b4        0x0
 .vfp11_veneer  0x00000000        0x0 linker stubs

.v4_bx          0x080025b4        0x0
 .v4_bx         0x00000000        0x0 linker stubs

.iplt           0x080025b4        0x0
 .iplt          0x00000000        0x0 c:/program files (x86)/emblocks/2.20/share/em_armgcc/bin/../lib/gcc/arm-none-eabi/4.7.3/armv7-m/crtbegin.o

.ARM.extab
 *(.ARM.extab* .gnu.linkonce.armextab.*)
                0x080025b4                __exidx_start = .

.ARM.exidx      0x080025b4        0x8
 *(.ARM.exidx* .gnu.linkonce.armexidx.*)
 .ARM.exidx     0x080025b4        0x8 c:/program files (x86)/emblocks/2.20/share/em_armgcc/bin/../lib/gcc/arm-none-eabi/4.7.3/../../../../arm-none-eabi/lib/armv7-m/crt0.o
                0x080025bc                __exidx_end = .
                0x080025bc                __etext = .

.rel.dyn        0x080025bc        0x0
 .rel.iplt      0x00000000        0x0 c:/program files (x86)/emblocks/2.20/share/em_armgcc/bin/../lib/gcc/arm-none-eabi/4.7.3/armv7-m/crtbegin.o

.data           0x20000000       0x7c load address 0x080025bc
                0x20000000                __data_start__ = .
 *(vtable)
 *(.data*)
 .data.uxCriticalNesting
                0x20000000        0x4 obj\debug\freertos\source\portable\arm_cm3\port.o
 .data.xFreeBytesRemaining
                0x20000004        0x4 obj\debug\freertos\source\portable\memmang\heap_2.o
 .data.xNextTaskUnblockTime
                0x20000008        0x4 obj\debug\freertos\source\tasks.o
 .data.msgID_1  0x2000000c        0x4 obj\debug\src\main.o
                0x2000000c                msgID_1
 .data.impure_data
                0x20000010       0x64 c:/program files (x86)/emblocks/2.20/share/em_armgcc/bin/../lib/gcc/arm-none-eabi/4.7.3/../../../../arm-none-eabi/lib/armv7-m\libc_n.a(lib_a-impure.o)
                0x20000074                . = ALIGN (0x4)
                0x20000074                PROVIDE (__preinit_array_start, .)
 *(.preinit_array)
                0x20000074                PROVIDE (__preinit_array_end, .)
                0x20000074                . = ALIGN (0x4)
                0x20000074                PROVIDE (__init_array_start, .)
 *(SORT(.init_array.*))
 *(.init_array)
 .init_array    0x20000074        0x4 c:/program files (x86)/emblocks/2.20/share/em_armgcc/bin/../lib/gcc/arm-none-eabi/4.7.3/armv7-m/crtbegin.o
                0x20000078                PROVIDE (__init_array_end, .)
                0x20000078                . = ALIGN (0x4)
                0x20000078                PROVIDE (__fini_array_start, .)
 *(SORT(.fini_array.*))
 *(.fini_array)
 .fini_array    0x20000078        0x4 c:/program files (x86)/emblocks/2.20/share/em_armgcc/bin/../lib/gcc/arm-none-eabi/4.7.3/armv7-m/crtbegin.o
                0x2000007c                PROVIDE (__fini_array_end, .)
                0x2000007c                . = ALIGN (0x4)
                0x2000007c                __data_end__ = .

.jcr            0x2000007c        0x0 load address 0x08002638
 .jcr           0x2000007c        0x0 c:/program files (x86)/emblocks/2.20/share/em_armgcc/bin/../lib/gcc/arm-none-eabi/4.7.3/armv7-m/crtbegin.o

.igot.plt       0x2000007c        0x0 load address 0x08002638
 .igot.plt      0x00000000        0x0 c:/program files (x86)/emblocks/2.20/share/em_armgcc/bin/../lib/gcc/arm-none-eabi/4.7.3/armv7-m/crtbegin.o

.bss            0x2000007c     0x452c load address 0x08002638
                0x2000007c                __bss_start__ = .
 *(.bss*)
 .bss           0x2000007c       0x1c c:/program files (x86)/emblocks/2.20/share/em_armgcc/bin/../lib/gcc/arm-none-eabi/4.7.3/armv7-m/crtbegin.o
 .bss.ucHeap    0x20000098     0x4400 obj\debug\freertos\source\portable\memmang\heap_2.o
 .bss.xStart    0x20004498        0x8 obj\debug\freertos\source\portable\memmang\heap_2.o
 .bss.xEnd      0x200044a0        0x8 obj\debug\freertos\source\portable\memmang\heap_2.o
 .bss.xHeapHasBeenInitialised.4901
                0x200044a8        0x4 obj\debug\freertos\source\portable\memmang\heap_2.o
 .bss.pxCurrentTCB
                0x200044ac        0x4 obj\debug\freertos\source\tasks.o
                0x200044ac                pxCurrentTCB
 .bss.pxReadyTasksLists
                0x200044b0       0x64 obj\debug\freertos\source\tasks.o
 .bss.xDelayedTaskList1
                0x20004514       0x14 obj\debug\freertos\source\tasks.o
 .bss.xDelayedTaskList2
                0x20004528       0x14 obj\debug\freertos\source\tasks.o
 .bss.pxDelayedTaskList
                0x2000453c        0x4 obj\debug\freertos\source\tasks.o
 .bss.pxOverflowDelayedTaskList
                0x20004540        0x4 obj\debug\freertos\source\tasks.o
 .bss.xPendingReadyList
                0x20004544       0x14 obj\debug\freertos\source\tasks.o
 .bss.xTasksWaitingTermination
                0x20004558       0x14 obj\debug\freertos\source\tasks.o
 .bss.uxTasksDeleted
                0x2000456c        0x4 obj\debug\freertos\source\tasks.o
 .bss.xSuspendedTaskList
                0x20004570       0x14 obj\debug\freertos\source\tasks.o
 .bss.uxCurrentNumberOfTasks
                0x20004584        0x4 obj\debug\freertos\source\tasks.o
 .bss.xTickCount
                0x20004588        0x4 obj\debug\freertos\source\tasks.o
 .bss.uxTopReadyPriority
                0x2000458c        0x4 obj\debug\freertos\source\tasks.o
 .bss.xSchedulerRunning
                0x20004590        0x4 obj\debug\freertos\source\tasks.o
 .bss.uxPendedTicks
                0x20004594        0x4 obj\debug\freertos\source\tasks.o
 .bss.xYieldPending
                0x20004598        0x4 obj\debug\freertos\source\tasks.o
 .bss.xNumOfOverflows
                0x2000459c        0x4 obj\debug\freertos\source\tasks.o
 .bss.uxTaskNumber
                0x200045a0        0x4 obj\debug\freertos\source\tasks.o
 .bss.uxSchedulerSuspended
                0x200045a4        0x4 obj\debug\freertos\source\tasks.o
 *(COMMON)
                0x200045a8                __bss_end__ = .

.heap           0x200045a8        0x0
                0x200045a8                __end__ = .
                0x200045a8                end = __end__
 *(.heap*)
 .heap          0x200045a8        0x0 obj\debug\src\startup_stm32f10x_md.o
                0x200045a8                __HeapLimit = .

.stack_dummy    0x200045a8      0x100
 *(.stack)
 .stack         0x200045a8      0x100 obj\debug\src\startup_stm32f10x_md.o
                0x20005000                __StackTop = (ORIGIN (RAM) + 0x5000)
                0x20004f00                __StackLimit = (__StackTop - SIZEOF (.stack_dummy))
                0x20005000                PROVIDE (__stack, __StackTop)
                0x00000001                ASSERT ((__StackLimit >= __HeapLimit), region RAM overflowed with stack)
LOAD obj\debug\freertos\source\croutine.o
LOAD obj\debug\freertos\source\event_groups.o
LOAD obj\debug\freertos\source\list.o
LOAD obj\debug\freertos\source\portable\arm_cm3\port.o
LOAD obj\debug\freertos\source\portable\memmang\heap_2.o
LOAD obj\debug\freertos\source\queue.o
LOAD obj\debug\freertos\source\tasks.o
LOAD obj\debug\freertos\source\timers.o
LOAD obj\debug\spl\src\misc.o
LOAD obj\debug\spl\src\stm32f10x_adc.o
LOAD obj\debug\spl\src\stm32f10x_bkp.o
LOAD obj\debug\spl\src\stm32f10x_can.o
LOAD obj\debug\spl\src\stm32f10x_cec.o
LOAD obj\debug\spl\src\stm32f10x_crc.o
LOAD obj\debug\spl\src\stm32f10x_dac.o
LOAD obj\debug\spl\src\stm32f10x_dbgmcu.o
LOAD obj\debug\spl\src\stm32f10x_dma.o
LOAD obj\debug\spl\src\stm32f10x_exti.o
LOAD obj\debug\spl\src\stm32f10x_flash.o
LOAD obj\debug\spl\src\stm32f10x_fsmc.o
LOAD obj\debug\spl\src\stm32f10x_gpio.o
LOAD obj\debug\spl\src\stm32f10x_i2c.o
LOAD obj\debug\spl\src\stm32f10x_iwdg.o
LOAD obj\debug\spl\src\stm32f10x_pwr.o
LOAD obj\debug\spl\src\stm32f10x_rcc.o
LOAD obj\debug\spl\src\stm32f10x_rtc.o
LOAD obj\debug\spl\src\stm32f10x_sdio.o
LOAD obj\debug\spl\src\stm32f10x_spi.o
LOAD obj\debug\spl\src\stm32f10x_tim.o
LOAD obj\debug\spl\src\stm32f10x_usart.o
LOAD obj\debug\spl\src\stm32f10x_wwdg.o
LOAD obj\debug\src\main.o
LOAD obj\debug\src\startup_stm32f10x_md.o
LOAD obj\debug\src\system_stm32f10x.o
START GROUP
LOAD c:/program files (x86)/emblocks/2.20/share/em_armgcc/bin/../lib/gcc/arm-none-eabi/4.7.3/armv7-m\libgcc.a
LOAD c:/program files (x86)/emblocks/2.20/share/em_armgcc/bin/../lib/gcc/arm-none-eabi/4.7.3/../../../../arm-none-eabi/lib/armv7-m\libc_n.a
LOAD c:/program files (x86)/emblocks/2.20/share/em_armgcc/bin/../lib/gcc/arm-none-eabi/4.7.3/../../../../arm-none-eabi/lib/armv7-m\libg_n.a
LOAD c:/program files (x86)/emblocks/2.20/share/em_armgcc/bin/../lib/gcc/arm-none-eabi/4.7.3/../../../../arm-none-eabi/lib/armv7-m\libnosys.a
END GROUP
LOAD c:/program files (x86)/emblocks/2.20/share/em_armgcc/bin/../lib/gcc/arm-none-eabi/4.7.3/armv7-m/crtend.o
LOAD c:/program files (x86)/emblocks/2.20/share/em_armgcc/bin/../lib/gcc/arm-none-eabi/4.7.3/armv7-m/crtn.o
OUTPUT(bin\Debug\rtos.elf elf32-littlearm)

.ARM.attributes
                0x00000000       0x29
 .ARM.attributes
                0x00000000       0x1d c:/program files (x86)/emblocks/2.20/share/em_armgcc/bin/../lib/gcc/arm-none-eabi/4.7.3/armv7-m/crti.o
 .ARM.attributes
                0x0000001d       0x2d c:/program files (x86)/emblocks/2.20/share/em_armgcc/bin/../lib/gcc/arm-none-eabi/4.7.3/armv7-m/crtbegin.o
 .ARM.attributes
                0x0000004a       0x1b c:/program files (x86)/emblocks/2.20/share/em_armgcc/bin/../lib/gcc/arm-none-eabi/4.7.3/../../../../arm-none-eabi/lib/armv7-m/crt0.o
 .ARM.attributes
                0x00000065       0x33 obj\debug\freertos\source\list.o
 .ARM.attributes
                0x00000098       0x33 obj\debug\freertos\source\portable\arm_cm3\port.o
 .ARM.attributes
                0x000000cb       0x33 obj\debug\freertos\source\portable\memmang\heap_2.o
 .ARM.attributes
                0x000000fe       0x33 obj\debug\freertos\source\tasks.o
 .ARM.attributes
                0x00000131       0x33 obj\debug\spl\src\stm32f10x_can.o
 .ARM.attributes
                0x00000164       0x33 obj\debug\spl\src\stm32f10x_gpio.o
 .ARM.attributes
                0x00000197       0x33 obj\debug\spl\src\stm32f10x_rcc.o
 .ARM.attributes
                0x000001ca       0x33 obj\debug\src\main.o
 .ARM.attributes
                0x000001fd       0x1b obj\debug\src\startup_stm32f10x_md.o
 .ARM.attributes
                0x00000218       0x33 obj\debug\src\system_stm32f10x.o
 .ARM.attributes
                0x0000024b       0x2d c:/program files (x86)/emblocks/2.20/share/em_armgcc/bin/../lib/gcc/arm-none-eabi/4.7.3/../../../../arm-none-eabi/lib/armv7-m\libc_n.a(lib_a-__atexit2.o)
 .ARM.attributes
                0x00000278       0x2d c:/program files (x86)/emblocks/2.20/share/em_armgcc/bin/../lib/gcc/arm-none-eabi/4.7.3/../../../../arm-none-eabi/lib/armv7-m\libc_n.a(lib_a-exit.o)
 .ARM.attributes
                0x000002a5       0x2d c:/program files (x86)/emblocks/2.20/share/em_armgcc/bin/../lib/gcc/arm-none-eabi/4.7.3/../../../../arm-none-eabi/lib/armv7-m\libc_n.a(lib_a-fini.o)
 .ARM.attributes
                0x000002d2       0x2d c:/program files (x86)/emblocks/2.20/share/em_armgcc/bin/../lib/gcc/arm-none-eabi/4.7.3/../../../../arm-none-eabi/lib/armv7-m\libc_n.a(lib_a-impure.o)
 .ARM.attributes
                0x000002ff       0x2d c:/program files (x86)/emblocks/2.20/share/em_armgcc/bin/../lib/gcc/arm-none-eabi/4.7.3/../../../../arm-none-eabi/lib/armv7-m\libc_n.a(lib_a-init.o)
 .ARM.attributes
                0x0000032c       0x2d c:/program files (x86)/emblocks/2.20/share/em_armgcc/bin/../lib/gcc/arm-none-eabi/4.7.3/../../../../arm-none-eabi/lib/armv7-m\libc_n.a(lib_a-memset.o)
 .ARM.attributes
                0x00000359       0x2d c:/program files (x86)/emblocks/2.20/share/em_armgcc/bin/../lib/gcc/arm-none-eabi/4.7.3/../../../../arm-none-eabi/lib/armv7-m\libnosys.a(_exit.o)
 .ARM.attributes
                0x00000386       0x2d c:/program files (x86)/emblocks/2.20/share/em_armgcc/bin/../lib/gcc/arm-none-eabi/4.7.3/armv7-m/crtend.o
 .ARM.attributes
                0x000003b3       0x1d c:/program files (x86)/emblocks/2.20/share/em_armgcc/bin/../lib/gcc/arm-none-eabi/4.7.3/armv7-m/crtn.o

.comment        0x00000000       0x4e
 .comment       0x00000000       0x4e obj\debug\freertos\source\list.o
                                 0x4f (size before relaxing)
 .comment       0x00000000       0x4f obj\debug\freertos\source\portable\arm_cm3\port.o
 .comment       0x00000000       0x4f obj\debug\freertos\source\portable\memmang\heap_2.o
 .comment       0x00000000       0x4f obj\debug\freertos\source\tasks.o
 .comment       0x00000000       0x4f obj\debug\spl\src\stm32f10x_can.o
 .comment       0x00000000       0x4f obj\debug\spl\src\stm32f10x_gpio.o
 .comment       0x00000000       0x4f obj\debug\spl\src\stm32f10x_rcc.o
 .comment       0x00000000       0x4f obj\debug\src\main.o
 .comment       0x00000000       0x4f obj\debug\src\system_stm32f10x.o

.debug_info     0x00000000     0x4334
 .debug_info    0x00000000      0x2c9 obj\debug\freertos\source\list.o
 .debug_info    0x000002c9      0x275 obj\debug\freertos\source\portable\arm_cm3\port.o
 .debug_info    0x0000053e      0x2dd obj\debug\freertos\source\portable\memmang\heap_2.o
 .debug_info    0x0000081b      0xfee obj\debug\freertos\source\tasks.o
 .debug_info    0x00001809      0xc7c obj\debug\spl\src\stm32f10x_can.o
 .debug_info    0x00002485      0x741 obj\debug\spl\src\stm32f10x_gpio.o
 .debug_info    0x00002bc6      0x92d obj\debug\spl\src\stm32f10x_rcc.o
 .debug_info    0x000034f3      0x919 obj\debug\src\main.o
 .debug_info    0x00003e0c       0x68 obj\debug\src\startup_stm32f10x_md.o
 .debug_info    0x00003e74      0x4c0 obj\debug\src\system_stm32f10x.o

.debug_abbrev   0x00000000      0xea0
 .debug_abbrev  0x00000000       0xc3 obj\debug\freertos\source\list.o
 .debug_abbrev  0x000000c3      0x17f obj\debug\freertos\source\portable\arm_cm3\port.o
 .debug_abbrev  0x00000242      0x157 obj\debug\freertos\source\portable\memmang\heap_2.o
 .debug_abbrev  0x00000399      0x25a obj\debug\freertos\source\tasks.o
 .debug_abbrev  0x000005f3      0x1dc obj\debug\spl\src\stm32f10x_can.o
 .debug_abbrev  0x000007cf      0x1cf obj\debug\spl\src\stm32f10x_gpio.o
 .debug_abbrev  0x0000099e      0x1c1 obj\debug\spl\src\stm32f10x_rcc.o
 .debug_abbrev  0x00000b5f      0x1da obj\debug\src\main.o
 .debug_abbrev  0x00000d39       0x14 obj\debug\src\startup_stm32f10x_md.o
 .debug_abbrev  0x00000d4d      0x153 obj\debug\src\system_stm32f10x.o

.debug_loc      0x00000000     0x2070
 .debug_loc     0x00000000      0x118 obj\debug\freertos\source\list.o
 .debug_loc     0x00000118      0x198 obj\debug\freertos\source\portable\arm_cm3\port.o
 .debug_loc     0x000002b0      0x100 obj\debug\freertos\source\portable\memmang\heap_2.o
 .debug_loc     0x000003b0      0x84c obj\debug\freertos\source\tasks.o
 .debug_loc     0x00000bfc      0x578 obj\debug\spl\src\stm32f10x_can.o
 .debug_loc     0x00001174      0x3e4 obj\debug\spl\src\stm32f10x_gpio.o
 .debug_loc     0x00001558      0x6dc obj\debug\spl\src\stm32f10x_rcc.o
 .debug_loc     0x00001c34      0x374 obj\debug\src\main.o
 .debug_loc     0x00001fa8       0xc8 obj\debug\src\system_stm32f10x.o

.debug_aranges  0x00000000      0x5e8
 .debug_aranges
                0x00000000       0x40 obj\debug\freertos\source\list.o
 .debug_aranges
                0x00000040       0x88 obj\debug\freertos\source\portable\arm_cm3\port.o
 .debug_aranges
                0x000000c8       0x40 obj\debug\freertos\source\portable\memmang\heap_2.o
 .debug_aranges
                0x00000108      0x150 obj\debug\freertos\source\tasks.o
 .debug_aranges
                0x00000258       0xe0 obj\debug\spl\src\stm32f10x_can.o
 .debug_aranges
                0x00000338       0xa8 obj\debug\spl\src\stm32f10x_gpio.o
 .debug_aranges
                0x000003e0      0x118 obj\debug\spl\src\stm32f10x_rcc.o
 .debug_aranges
                0x000004f8       0x98 obj\debug\src\main.o
 .debug_aranges
                0x00000590       0x20 obj\debug\src\startup_stm32f10x_md.o
 .debug_aranges
                0x000005b0       0x38 obj\debug\src\system_stm32f10x.o

.debug_ranges   0x00000000      0x538
 .debug_ranges  0x00000000       0x30 obj\debug\freertos\source\list.o
 .debug_ranges  0x00000030       0x78 obj\debug\freertos\source\portable\arm_cm3\port.o
 .debug_ranges  0x000000a8       0x30 obj\debug\freertos\source\portable\memmang\heap_2.o
 .debug_ranges  0x000000d8      0x140 obj\debug\freertos\source\tasks.o
 .debug_ranges  0x00000218       0xd0 obj\debug\spl\src\stm32f10x_can.o
 .debug_ranges  0x000002e8       0x98 obj\debug\spl\src\stm32f10x_gpio.o
 .debug_ranges  0x00000380      0x108 obj\debug\spl\src\stm32f10x_rcc.o
 .debug_ranges  0x00000488       0x88 obj\debug\src\main.o
 .debug_ranges  0x00000510       0x28 obj\debug\src\system_stm32f10x.o

.debug_macro    0x00000000     0x131b
 .debug_macro   0x00000000      0x130 obj\debug\freertos\source\list.o
 .debug_macro   0x00000130      0x167 obj\debug\freertos\source\portable\arm_cm3\port.o
 .debug_macro   0x00000297      0x15d obj\debug\freertos\source\portable\memmang\heap_2.o
 .debug_macro   0x000003f4      0x1f2 obj\debug\freertos\source\tasks.o
 .debug_macro   0x000005e6       0x16 obj\debug\freertos\source\tasks.o
 .debug_macro   0x000005fc      0x138 obj\debug\spl\src\stm32f10x_can.o
 .debug_macro   0x00000734      0x2a6 obj\debug\spl\src\stm32f10x_can.o
 .debug_macro   0x000009da      0x132 obj\debug\spl\src\stm32f10x_gpio.o
 .debug_macro   0x00000b0c      0x200 obj\debug\spl\src\stm32f10x_rcc.o
 .debug_macro   0x00000d0c      0x3dc obj\debug\spl\src\stm32f10x_rcc.o
 .debug_macro   0x000010e8      0x14c obj\debug\src\main.o
 .debug_macro   0x00001234       0xe7 obj\debug\src\system_stm32f10x.o

.debug_line     0x00000000     0x3313
 .debug_line    0x00000000      0x40c obj\debug\freertos\source\list.o
 .debug_line    0x0000040c      0x460 obj\debug\freertos\source\portable\arm_cm3\port.o
 .debug_line    0x0000086c      0x464 obj\debug\freertos\source\portable\memmang\heap_2.o
 .debug_line    0x00000cd0      0x9e7 obj\debug\freertos\source\tasks.o
 .debug_line    0x000016b7      0x692 obj\debug\spl\src\stm32f10x_can.o
 .debug_line    0x00001d49      0x4e7 obj\debug\spl\src\stm32f10x_gpio.o
 .debug_line    0x00002230      0x5f6 obj\debug\spl\src\stm32f10x_rcc.o
 .debug_line    0x00002826      0x68a obj\debug\src\main.o
 .debug_line    0x00002eb0       0x98 obj\debug\src\startup_stm32f10x_md.o
 .debug_line    0x00002f48      0x3cb obj\debug\src\system_stm32f10x.o

.debug_str      0x00000000    0x40cea
 .debug_str     0x00000000     0x6d1b obj\debug\freertos\source\list.o
                               0x6ef7 (size before relaxing)
 .debug_str     0x00006d1b      0x9db obj\debug\freertos\source\portable\arm_cm3\port.o
                               0x613e (size before relaxing)
 .debug_str     0x000076f6      0x3b3 obj\debug\freertos\source\portable\memmang\heap_2.o
                               0x751a (size before relaxing)
 .debug_str     0x00007aa9     0x18d1 obj\debug\freertos\source\tasks.o
                               0x8bb7 (size before relaxing)
 .debug_str     0x0000937a    0x35c2a obj\debug\spl\src\stm32f10x_can.o
                              0x38b77 (size before relaxing)
 .debug_str     0x0003efa4      0x59b obj\debug\spl\src\stm32f10x_gpio.o
                              0x389b7 (size before relaxing)
 .debug_str     0x0003f53f      0xb4f obj\debug\spl\src\stm32f10x_rcc.o
                              0x38f9d (size before relaxing)
 .debug_str     0x0004008e      0xb51 obj\debug\src\main.o
                              0x3bdb0 (size before relaxing)
 .debug_str     0x00040bdf      0x10b obj\debug\src\system_stm32f10x.o
                              0x38578 (size before relaxing)

.debug_frame    0x00000000     0x131c
 .debug_frame   0x00000000       0x9c obj\debug\freertos\source\list.o
 .debug_frame   0x0000009c      0x150 obj\debug\freertos\source\portable\arm_cm3\port.o
 .debug_frame   0x000001ec       0x9c obj\debug\freertos\source\portable\memmang\heap_2.o
 .debug_frame   0x00000288      0x4b8 obj\debug\freertos\source\tasks.o
 .debug_frame   0x00000740      0x2d4 obj\debug\spl\src\stm32f10x_can.o
 .debug_frame   0x00000a14      0x210 obj\debug\spl\src\stm32f10x_gpio.o
 .debug_frame   0x00000c24      0x388 obj\debug\spl\src\stm32f10x_rcc.o
 .debug_frame   0x00000fac      0x208 obj\debug\src\main.o
 .debug_frame   0x000011b4       0x80 obj\debug\src\system_stm32f10x.o
 .debug_frame   0x00001234       0x28 c:/program files (x86)/emblocks/2.20/share/em_armgcc/bin/../lib/gcc/arm-none-eabi/4.7.3/../../../../arm-none-eabi/lib/armv7-m\libc_n.a(lib_a-__atexit2.o)
 .debug_frame   0x0000125c       0x28 c:/program files (x86)/emblocks/2.20/share/em_armgcc/bin/../lib/gcc/arm-none-eabi/4.7.3/../../../../arm-none-eabi/lib/armv7-m\libc_n.a(lib_a-exit.o)
 .debug_frame   0x00001284       0x2c c:/program files (x86)/emblocks/2.20/share/em_armgcc/bin/../lib/gcc/arm-none-eabi/4.7.3/../../../../arm-none-eabi/lib/armv7-m\libc_n.a(lib_a-fini.o)
 .debug_frame   0x000012b0       0x2c c:/program files (x86)/emblocks/2.20/share/em_armgcc/bin/../lib/gcc/arm-none-eabi/4.7.3/../../../../arm-none-eabi/lib/armv7-m\libc_n.a(lib_a-init.o)
 .debug_frame   0x000012dc       0x20 c:/program files (x86)/emblocks/2.20/share/em_armgcc/bin/../lib/gcc/arm-none-eabi/4.7.3/../../../../arm-none-eabi/lib/armv7-m\libc_n.a(lib_a-memset.o)
 .debug_frame   0x000012fc       0x20 c:/program files (x86)/emblocks/2.20/share/em_armgcc/bin/../lib/gcc/arm-none-eabi/4.7.3/../../../../arm-none-eabi/lib/armv7-m\libnosys.a(_exit.o)
