Archive member included because of file (symbol)

c:/program files (x86)/emblocks/2.20/share/em_armgcc/bin/../lib/gcc/arm-none-eabi/4.7.3/../../../../arm-none-eabi/lib/armv7-m\libc.a(lib_a-__atexit.o)
                              c:/program files (x86)/emblocks/2.20/share/em_armgcc/bin/../lib/gcc/arm-none-eabi/4.7.3/../../../../arm-none-eabi/lib/armv7-m/crt0.o (__register_exitproc)
c:/program files (x86)/emblocks/2.20/share/em_armgcc/bin/../lib/gcc/arm-none-eabi/4.7.3/../../../../arm-none-eabi/lib/armv7-m\libc.a(lib_a-exit.o)
                              c:/program files (x86)/emblocks/2.20/share/em_armgcc/bin/../lib/gcc/arm-none-eabi/4.7.3/../../../../arm-none-eabi/lib/armv7-m/crt0.o (exit)
c:/program files (x86)/emblocks/2.20/share/em_armgcc/bin/../lib/gcc/arm-none-eabi/4.7.3/../../../../arm-none-eabi/lib/armv7-m\libc.a(lib_a-fini.o)
                              c:/program files (x86)/emblocks/2.20/share/em_armgcc/bin/../lib/gcc/arm-none-eabi/4.7.3/../../../../arm-none-eabi/lib/armv7-m/crt0.o (__libc_fini_array)
c:/program files (x86)/emblocks/2.20/share/em_armgcc/bin/../lib/gcc/arm-none-eabi/4.7.3/../../../../arm-none-eabi/lib/armv7-m\libc.a(lib_a-impure.o)
                              c:/program files (x86)/emblocks/2.20/share/em_armgcc/bin/../lib/gcc/arm-none-eabi/4.7.3/../../../../arm-none-eabi/lib/armv7-m\libc.a(lib_a-__atexit.o) (_global_impure_ptr)
c:/program files (x86)/emblocks/2.20/share/em_armgcc/bin/../lib/gcc/arm-none-eabi/4.7.3/../../../../arm-none-eabi/lib/armv7-m\libc.a(lib_a-init.o)
                              c:/program files (x86)/emblocks/2.20/share/em_armgcc/bin/../lib/gcc/arm-none-eabi/4.7.3/../../../../arm-none-eabi/lib/armv7-m/crt0.o (__libc_init_array)
c:/program files (x86)/emblocks/2.20/share/em_armgcc/bin/../lib/gcc/arm-none-eabi/4.7.3/../../../../arm-none-eabi/lib/armv7-m\libc.a(lib_a-memset.o)
                              c:/program files (x86)/emblocks/2.20/share/em_armgcc/bin/../lib/gcc/arm-none-eabi/4.7.3/../../../../arm-none-eabi/lib/armv7-m/crt0.o (memset)
c:/program files (x86)/emblocks/2.20/share/em_armgcc/bin/../lib/gcc/arm-none-eabi/4.7.3/../../../../arm-none-eabi/lib/armv7-m\libc.a(lib_a-__call_atexit.o)
                              c:/program files (x86)/emblocks/2.20/share/em_armgcc/bin/../lib/gcc/arm-none-eabi/4.7.3/../../../../arm-none-eabi/lib/armv7-m\libc.a(lib_a-exit.o) (__call_exitprocs)
c:/program files (x86)/emblocks/2.20/share/em_armgcc/bin/../lib/gcc/arm-none-eabi/4.7.3/../../../../arm-none-eabi/lib/armv7-m\libc.a(lib_a-atexit.o)
                              c:/program files (x86)/emblocks/2.20/share/em_armgcc/bin/../lib/gcc/arm-none-eabi/4.7.3/../../../../arm-none-eabi/lib/armv7-m\libc.a(lib_a-__call_atexit.o) (atexit)
c:/program files (x86)/emblocks/2.20/share/em_armgcc/bin/../lib/gcc/arm-none-eabi/4.7.3/../../../../arm-none-eabi/lib/armv7-m\libnosys.a(_exit.o)
                              c:/program files (x86)/emblocks/2.20/share/em_armgcc/bin/../lib/gcc/arm-none-eabi/4.7.3/../../../../arm-none-eabi/lib/armv7-m\libc.a(lib_a-exit.o) (_exit)

Allocating common symbols
Common symbol       size              file

SaveRState          0x2               obj\releasemd\usb-fs\src\usb_int.o
HSEStartUpStatus    0x1               obj\releasemd\src\hw_config.o
SaveState           0x2               obj\releasemd\usb-fs\src\usb_init.o
ProtocolValue       0x4               obj\releasemd\src\usb_prop.o
JumpAddress         0x4               obj\releasemd\src\main.o
wIstr               0x2               obj\releasemd\src\usb_istr.o
ReadBufer           0x40              obj\releasemd\src\usb_prop.o
pProperty           0x4               obj\releasemd\usb-fs\src\usb_init.o
prTimer             0x90              obj\releasemd\src\softtimer.o
EPindex             0x1               obj\releasemd\usb-fs\src\usb_init.o
Jump_To_Application
                    0x4               obj\releasemd\src\main.o
Report_Buf          0x40              obj\releasemd\src\usb_prop.o
btn1_prev           0x2               obj\releasemd\src\hw_config.o
SaveTState          0x2               obj\releasemd\usb-fs\src\usb_int.o
Device_Info         0x1c              obj\releasemd\usb-fs\src\usb_init.o
pUser_Standard_Requests
                    0x4               obj\releasemd\usb-fs\src\usb_init.o
Receive_Buffer      0x40              obj\releasemd\src\usb_endp.o
EXTI_Enable         0x1               obj\releasemd\src\usb_prop.o
StatusInfo          0x2               obj\releasemd\usb-fs\src\usb_core.o
pInformation        0x4               obj\releasemd\usb-fs\src\usb_init.o
ResumeS             0x2               obj\releasemd\src\usb_pwr.o
Buffer              0x11              obj\releasemd\src\hw_config.o
EP                  0x20              obj\releasemd\src\usb_pwr.o
EXTI_InitStructure  0x8               obj\releasemd\src\hw_config.o
btn2_prev           0x2               obj\releasemd\src\hw_config.o
wInterrupt_Mask     0x2               obj\releasemd\usb-fs\src\usb_init.o

[...]
Memory Configuration

Name             Origin             Length             Attributes
FLASH            0x08000000         0x00010000         xr
RAM              0x20000000         0x00005000         xrw
*default*        0x00000000         0xffffffff

Linker script and memory map

LOAD c:/program files (x86)/emblocks/2.20/share/em_armgcc/bin/../lib/gcc/arm-none-eabi/4.7.3/armv7-m/crti.o
LOAD c:/program files (x86)/emblocks/2.20/share/em_armgcc/bin/../lib/gcc/arm-none-eabi/4.7.3/armv7-m/crtbegin.o
LOAD c:/program files (x86)/emblocks/2.20/share/em_armgcc/bin/../lib/gcc/arm-none-eabi/4.7.3/../../../../arm-none-eabi/lib/armv7-m/crt0.o
                0x00000000                __HEAP_SIZE = 0x0
                0x00000100                __STACK_SIZE = 0x100

.text           0x08000000     0x2790
 *(.isr_vector)
 .isr_vector    0x08000000       0xec obj\releasemd\cmsis_boot\startup\startup_stm32f10x_md.o
                0x08000000                __isr_vector
 *(.text*)
 .text          0x080000ec       0x54 c:/program files (x86)/emblocks/2.20/share/em_armgcc/bin/../lib/gcc/arm-none-eabi/4.7.3/armv7-m/crtbegin.o
 .text          0x08000140       0x70 c:/program files (x86)/emblocks/2.20/share/em_armgcc/bin/../lib/gcc/arm-none-eabi/4.7.3/../../../../arm-none-eabi/lib/armv7-m/crt0.o
                0x08000140                _start
                0x08000140                start
                0x08000140                _mainCRTStartup
 .text.TimerWork
                0x080001b0       0x88 obj\releasemd\src\softtimer.o
                0x080001b0                TimerWork
 .text.CreateTimer
                0x08000238       0x2c obj\releasemd\src\softtimer.o
                0x08000238                CreateTimer
 .text.IntToUnicode
                0x08000264       0x3c obj\releasemd\src\hw_config.o
 .text.Set_System
                0x080002a0       0xac obj\releasemd\src\hw_config.o
                0x080002a0                Set_System
 .text.Set_USBClock
                0x0800034c       0x18 obj\releasemd\src\hw_config.o
                0x0800034c                Set_USBClock
 .text.Leave_LowPowerMode
                0x08000364       0x20 obj\releasemd\src\hw_config.o
                0x08000364                Leave_LowPowerMode
 .text.USB_Interrupts_Config
                0x08000384       0x40 obj\releasemd\src\hw_config.o
                0x08000384                USB_Interrupts_Config
 .text.USB_Cable_Config
                0x080003c4       0x24 obj\releasemd\src\hw_config.o
                0x080003c4                USB_Cable_Config
 .text.RHIDCheckState
                0x080003e8       0x94 obj\releasemd\src\hw_config.o
                0x080003e8                RHIDCheckState
 .text.Get_SerialNum
                0x0800047c       0x44 obj\releasemd\src\hw_config.o
                0x0800047c                Get_SerialNum
 .text.ButtonState
                0x080004c0       0x34 obj\releasemd\src\main.o
                0x080004c0                ButtonState
 .text.Interrupt_timer
                0x080004f4       0x5c obj\releasemd\src\main.o
                0x080004f4                Interrupt_timer
 .text.SysTick_Handler
                0x08000550        0x4 obj\releasemd\src\main.o
                0x08000550                SysTick_Handler
 .text.TIM1_UP_IRQHandler
                0x08000554       0x2c obj\releasemd\src\main.o
                0x08000554                TIM1_UP_IRQHandler
 .text.startup.main
                0x08000580       0xd0 obj\releasemd\src\main.o
                0x08000580                main
 .text.NMI_Handler
                0x08000650        0x4 obj\releasemd\src\stm32_it.o
                0x08000650                NMI_Handler
 .text.HardFault_Handler
                0x08000654        0x4 obj\releasemd\src\stm32_it.o
                0x08000654                HardFault_Handler
 .text.MemManage_Handler
                0x08000658        0x4 obj\releasemd\src\stm32_it.o
                0x08000658                MemManage_Handler
 .text.BusFault_Handler
                0x0800065c        0x4 obj\releasemd\src\stm32_it.o
                0x0800065c                BusFault_Handler
 .text.UsageFault_Handler
                0x08000660        0x4 obj\releasemd\src\stm32_it.o
                0x08000660                UsageFault_Handler
 .text.SVC_Handler
                0x08000664        0x4 obj\releasemd\src\stm32_it.o
                0x08000664                SVC_Handler
 .text.DebugMon_Handler
                0x08000668        0x4 obj\releasemd\src\stm32_it.o
                0x08000668                DebugMon_Handler
 .text.PendSV_Handler
                0x0800066c        0x4 obj\releasemd\src\stm32_it.o
                0x0800066c                PendSV_Handler
 .text.USB_LP_CAN1_RX0_IRQHandler
                0x08000670        0x4 obj\releasemd\src\stm32_it.o
                0x08000670                USB_LP_CAN1_RX0_IRQHandler
 .text.USBWakeUp_IRQHandler
                0x08000674        0x8 obj\releasemd\src\stm32_it.o
                0x08000674                USBWakeUp_IRQHandler
 .text.EP1_OUT_Callback
                0x0800067c       0x38 obj\releasemd\src\usb_endp.o
                0x0800067c                EP1_OUT_Callback
 .text.EP1_IN_Callback
                0x080006b4       0x10 obj\releasemd\src\usb_endp.o
                0x080006b4                EP1_IN_Callback
 .text.USB_Istr
                0x080006c4      0x1f4 obj\releasemd\src\usb_istr.o
                0x080006c4                USB_Istr
 .text.HID_SetConfiguration
                0x080008b8       0x18 obj\releasemd\src\usb_prop.o
                0x080008b8                HID_SetConfiguration
 .text.HID_SetDeviceAddress
                0x080008d0       0x10 obj\releasemd\src\usb_prop.o
                0x080008d0                HID_SetDeviceAddress
 .text.HID_Status_Out
                0x080008e0        0x4 obj\releasemd\src\usb_prop.o
                0x080008e0                HID_Status_Out
 .text.HID_Data_Setup
                0x080008e4       0x74 obj\releasemd\src\usb_prop.o
                0x080008e4                HID_Data_Setup
 .text.HID_SetReport_Feature
                0x08000958       0x18 obj\releasemd\src\usb_prop.o
                0x08000958                HID_SetReport_Feature
 .text.HID_NoData_Setup
                0x08000970       0x28 obj\releasemd\src\usb_prop.o
                0x08000970                HID_NoData_Setup
 .text.HID_Get_Interface_Setting
                0x08000998        0xc obj\releasemd\src\usb_prop.o
                0x08000998                HID_Get_Interface_Setting
 .text.HID_GetProtocolValue
                0x080009a4       0x18 obj\releasemd\src\usb_prop.o
                0x080009a4                HID_GetProtocolValue
 .text.HID_GetHIDDescriptor
                0x080009bc        0xc obj\releasemd\src\usb_prop.o
                0x080009bc                HID_GetHIDDescriptor
 .text.HID_GetReportDescriptor
                0x080009c8        0xc obj\releasemd\src\usb_prop.o
                0x080009c8                HID_GetReportDescriptor
 .text.HID_GetStringDescriptor
                0x080009d4       0x20 obj\releasemd\src\usb_prop.o
                0x080009d4                HID_GetStringDescriptor
 .text.HID_GetConfigDescriptor
                0x080009f4        0xc obj\releasemd\src\usb_prop.o
                0x080009f4                HID_GetConfigDescriptor
 .text.HID_GetDeviceDescriptor
                0x08000a00        0xc obj\releasemd\src\usb_prop.o
                0x08000a00                HID_GetDeviceDescriptor
 .text.HID_Reset
                0x08000a0c       0xb8 obj\releasemd\src\usb_prop.o
                0x08000a0c                HID_Reset
 .text.HID_init
                0x08000ac4       0x28 obj\releasemd\src\usb_prop.o
                0x08000ac4                HID_init
 .text.flash_write
                0x08000aec       0x68 obj\releasemd\src\usb_prop.o
                0x08000aec                flash_write
 .text.HID_Status_In
                0x08000b54       0xfc obj\releasemd\src\usb_prop.o
                0x08000b54                HID_Status_In
 .text.PowerOn  0x08000c50       0x38 obj\releasemd\src\usb_pwr.o
                0x08000c50                PowerOn
 .text.Suspend  0x08000c88      0x108 obj\releasemd\src\usb_pwr.o
                0x08000c88                Suspend
 .text.Resume_Init
                0x08000d90       0x20 obj\releasemd\src\usb_pwr.o
                0x08000d90                Resume_Init
 .text.Resume   0x08000db0       0xc8 obj\releasemd\src\usb_pwr.o
                0x08000db0                Resume
 .text.Standard_GetConfiguration
                0x08000e78       0x28 obj\releasemd\usb-fs\src\usb_core.o
                0x08000e78                Standard_GetConfiguration
 .text.Standard_GetInterface
                0x08000ea0       0x28 obj\releasemd\usb-fs\src\usb_core.o
                0x08000ea0                Standard_GetInterface
 .text.Standard_GetStatus
                0x08000ec8       0xa0 obj\releasemd\usb-fs\src\usb_core.o
                0x08000ec8                Standard_GetStatus
 .text.DataStageIn
                0x08000f68       0xc4 obj\releasemd\usb-fs\src\usb_core.o
 .text.Standard_SetConfiguration
                0x0800102c       0x3c obj\releasemd\usb-fs\src\usb_core.o
                0x0800102c                Standard_SetConfiguration
 .text.Standard_SetInterface
                0x08001068       0x50 obj\releasemd\usb-fs\src\usb_core.o
                0x08001068                Standard_SetInterface
 .text.Standard_ClearFeature
                0x080010b8       0xe8 obj\releasemd\usb-fs\src\usb_core.o
                0x080010b8                Standard_ClearFeature
 .text.Standard_SetEndPointFeature
                0x080011a0       0x98 obj\releasemd\usb-fs\src\usb_core.o
                0x080011a0                Standard_SetEndPointFeature
 .text.Standard_GetDescriptorData
                0x08001238       0x1c obj\releasemd\usb-fs\src\usb_core.o
                0x08001238                Standard_GetDescriptorData
 .text.Post0_Process
                0x08001254       0x44 obj\releasemd\usb-fs\src\usb_core.o
                0x08001254                Post0_Process
 .text.Out0_Process
                0x08001298       0xec obj\releasemd\usb-fs\src\usb_core.o
                0x08001298                Out0_Process
 .text.Setup0_Process
                0x08001384      0x37c obj\releasemd\usb-fs\src\usb_core.o
                0x08001384                Setup0_Process
 .text.SetDeviceAddress
                0x08001700       0x44 obj\releasemd\usb-fs\src\usb_core.o
                0x08001700                SetDeviceAddress
 .text.In0_Process
                0x08001744       0x60 obj\releasemd\usb-fs\src\usb_core.o
                0x08001744                In0_Process
 .text.NOP_Process
                0x080017a4        0x4 obj\releasemd\usb-fs\src\usb_core.o
                0x080017a4                NOP_Process
 .text.USB_Init
                0x080017a8       0x44 obj\releasemd\usb-fs\src\usb_init.o
                0x080017a8                USB_Init
 .text.CTR_LP   0x080017ec      0x1b4 obj\releasemd\usb-fs\src\usb_int.o
                0x080017ec                CTR_LP
 .text.UserToPMABufferCopy
                0x080019a0       0x34 obj\releasemd\usb-fs\src\usb_mem.o
                0x080019a0                UserToPMABufferCopy
 .text.PMAToUserBufferCopy
                0x080019d4       0x24 obj\releasemd\usb-fs\src\usb_mem.o
                0x080019d4                PMAToUserBufferCopy
 .text.SetBTABLE
                0x080019f8       0x14 obj\releasemd\usb-fs\src\usb_regs.o
                0x080019f8                SetBTABLE
 .text.SetEPType
                0x08001a0c       0x18 obj\releasemd\usb-fs\src\usb_regs.o
                0x08001a0c                SetEPType
 .text.SetEPTxStatus
                0x08001a24       0x40 obj\releasemd\usb-fs\src\usb_regs.o
                0x08001a24                SetEPTxStatus
 .text.SetEPRxStatus
                0x08001a64       0x40 obj\releasemd\usb-fs\src\usb_regs.o
                0x08001a64                SetEPRxStatus
 .text.SetEPTxValid
                0x08001aa4       0x24 obj\releasemd\usb-fs\src\usb_regs.o
                0x08001aa4                SetEPTxValid
 .text.SetEPRxValid
                0x08001ac8       0x24 obj\releasemd\usb-fs\src\usb_regs.o
                0x08001ac8                SetEPRxValid
 .text.Clear_Status_Out
                0x08001aec       0x20 obj\releasemd\usb-fs\src\usb_regs.o
                0x08001aec                Clear_Status_Out
 .text.ClearDTOG_RX
                0x08001b0c       0x24 obj\releasemd\usb-fs\src\usb_regs.o
                0x08001b0c                ClearDTOG_RX
 .text.ClearDTOG_TX
                0x08001b30       0x24 obj\releasemd\usb-fs\src\usb_regs.o
                0x08001b30                ClearDTOG_TX
 .text.SetEPTxAddr
                0x08001b54       0x24 obj\releasemd\usb-fs\src\usb_regs.o
                0x08001b54                SetEPTxAddr
 .text.SetEPRxAddr
                0x08001b78       0x28 obj\releasemd\usb-fs\src\usb_regs.o
                0x08001b78                SetEPRxAddr
 .text.GetEPTxAddr
                0x08001ba0       0x20 obj\releasemd\usb-fs\src\usb_regs.o
                0x08001ba0                GetEPTxAddr
 .text.GetEPRxAddr
                0x08001bc0       0x20 obj\releasemd\usb-fs\src\usb_regs.o
                0x08001bc0                GetEPRxAddr
 .text.SetEPTxCount
                0x08001be0       0x20 obj\releasemd\usb-fs\src\usb_regs.o
                0x08001be0                SetEPTxCount
 .text.SetEPRxCount
                0x08001c00       0x44 obj\releasemd\usb-fs\src\usb_regs.o
                0x08001c00                SetEPRxCount
 .text.GetEPRxCount
                0x08001c44       0x24 obj\releasemd\usb-fs\src\usb_regs.o
                0x08001c44                GetEPRxCount
 .text.ByteSwap
                0x08001c68        0xc obj\releasemd\usb-fs\src\usb_regs.o
                0x08001c68                ByteSwap
 .text.USB_SIL_Init
                0x08001c74       0x2c obj\releasemd\usb-fs\src\usb_sil.o
                0x08001c74                USB_SIL_Init
 .text.USB_SIL_Write
                0x08001ca0       0x28 obj\releasemd\usb-fs\src\usb_sil.o
                0x08001ca0                USB_SIL_Write
 .text.USB_SIL_Read
                0x08001cc8       0x24 obj\releasemd\usb-fs\src\usb_sil.o
                0x08001cc8                USB_SIL_Read
 .text          0x08001cec       0xa0 obj\releasemd\cmsis_boot\startup\startup_stm32f10x_md.o
                0x08001cec                Reset_Handler
                0x08001d32                Default_Handler
                0x08001d34                WWDG_IRQHandler
                0x08001d36                PVD_IRQHandler
                0x08001d38                TAMPER_IRQHandler
                0x08001d3a                RTC_IRQHandler
                0x08001d3c                FLASH_IRQHandler
                0x08001d3e                RCC_IRQHandler
                0x08001d40                EXTI0_IRQHandler
                0x08001d42                EXTI1_IRQHandler
                0x08001d44                EXTI2_IRQHandler
                0x08001d46                EXTI3_IRQHandler
                0x08001d48                EXTI4_IRQHandler
                0x08001d4a                DMA1_Channel1_IRQHandler
                0x08001d4c                DMA1_Channel2_IRQHandler
                0x08001d4e                DMA1_Channel3_IRQHandler
                0x08001d50                DMA1_Channel4_IRQHandler
                0x08001d52                DMA1_Channel5_IRQHandler
                0x08001d54                DMA1_Channel6_IRQHandler
                0x08001d56                DMA1_Channel7_IRQHandler
                0x08001d58                ADC1_2_IRQHandler
                0x08001d5a                USB_HP_CAN1_TX_IRQHandler
                0x08001d5e                CAN1_RX1_IRQHandler
                0x08001d60                CAN1_SCE_IRQHandler
                0x08001d62                EXTI9_5_IRQHandler
                0x08001d64                TIM1_BRK_IRQHandler
                0x08001d68                TIM1_TRG_COM_IRQHandler
                0x08001d6a                TIM1_CC_IRQHandler
                0x08001d6c                TIM2_IRQHandler
                0x08001d6e                TIM3_IRQHandler
                0x08001d70                TIM4_IRQHandler
                0x08001d72                I2C1_EV_IRQHandler
                0x08001d74                I2C1_ER_IRQHandler
                0x08001d76                I2C2_EV_IRQHandler
                0x08001d78                I2C2_ER_IRQHandler
                0x08001d7a                SPI1_IRQHandler
                0x08001d7c                SPI2_IRQHandler
                0x08001d7e                USART1_IRQHandler
                0x08001d80                USART2_IRQHandler
                0x08001d82                USART3_IRQHandler
                0x08001d84                EXTI15_10_IRQHandler
                0x08001d86                RTCAlarm_IRQHandler
 .text.SystemInit
                0x08001d8c      0x11c obj\releasemd\cmsis_boot\system_stm32f10x.o
                0x08001d8c                SystemInit
 .text.NVIC_PriorityGroupConfig
                0x08001ea8       0x14 obj\releasemd\stm_lib\src\misc.o
                0x08001ea8                NVIC_PriorityGroupConfig
 .text.NVIC_Init
                0x08001ebc       0x7c obj\releasemd\stm_lib\src\misc.o
                0x08001ebc                NVIC_Init
 .text.EXTI_Init
                0x08001f38       0x7c obj\releasemd\stm_lib\src\stm32f10x_exti.o
                0x08001f38                EXTI_Init
 .text.EXTI_ClearITPendingBit
                0x08001fb4        0xc obj\releasemd\stm_lib\src\stm32f10x_exti.o
                0x08001fb4                EXTI_ClearITPendingBit
 .text.FLASH_Unlock
                0x08001fc0       0x20 obj\releasemd\stm_lib\src\stm32f10x_flash.o
                0x08001fc0                FLASH_Unlock
 .text.FLASH_Lock
                0x08001fe0       0x14 obj\releasemd\stm_lib\src\stm32f10x_flash.o
                0x08001fe0                FLASH_Lock
 .text.FLASH_GetBank1Status
                0x08001ff4       0x2c obj\releasemd\stm_lib\src\stm32f10x_flash.o
                0x08001ff4                FLASH_GetBank1Status
 .text.FLASH_WaitForLastOperation
                0x08002020       0x38 obj\releasemd\stm_lib\src\stm32f10x_flash.o
                0x08002020                FLASH_WaitForLastOperation
 .text.FLASH_ErasePage
                0x08002058       0x40 obj\releasemd\stm_lib\src\stm32f10x_flash.o
                0x08002058                FLASH_ErasePage
 .text.GPIO_DeInit
                0x08002098       0xe8 obj\releasemd\stm_lib\src\stm32f10x_gpio.o
                0x08002098                GPIO_DeInit
 .text.GPIO_Init
                0x08002180       0xc0 obj\releasemd\stm_lib\src\stm32f10x_gpio.o
                0x08002180                GPIO_Init
 .text.GPIO_ReadInputDataBit
                0x08002240        0xc obj\releasemd\stm_lib\src\stm32f10x_gpio.o
                0x08002240                GPIO_ReadInputDataBit
 .text.GPIO_SetBits
                0x0800224c        0x4 obj\releasemd\stm_lib\src\stm32f10x_gpio.o
                0x0800224c                GPIO_SetBits
 .text.GPIO_ResetBits
                0x08002250        0x4 obj\releasemd\stm_lib\src\stm32f10x_gpio.o
                0x08002250                GPIO_ResetBits
 .text.RCC_USBCLKConfig
                0x08002254        0xc obj\releasemd\stm_lib\src\stm32f10x_rcc.o
                0x08002254                RCC_USBCLKConfig
 .text.RCC_APB2PeriphClockCmd
                0x08002260       0x1c obj\releasemd\stm_lib\src\stm32f10x_rcc.o
                0x08002260                RCC_APB2PeriphClockCmd
 .text.RCC_APB1PeriphClockCmd
                0x0800227c       0x1c obj\releasemd\stm_lib\src\stm32f10x_rcc.o
                0x0800227c                RCC_APB1PeriphClockCmd
 .text.RCC_APB2PeriphResetCmd
                0x08002298       0x1c obj\releasemd\stm_lib\src\stm32f10x_rcc.o
                0x08002298                RCC_APB2PeriphResetCmd
 .text.TIM_TimeBaseInit
                0x080022b4       0xc0 obj\releasemd\stm_lib\src\stm32f10x_tim.o
                0x080022b4                TIM_TimeBaseInit
 .text.TIM_TimeBaseStructInit
                0x08002374       0x14 obj\releasemd\stm_lib\src\stm32f10x_tim.o
                0x08002374                TIM_TimeBaseStructInit
 .text.TIM_Cmd  0x08002388       0x1c obj\releasemd\stm_lib\src\stm32f10x_tim.o
                0x08002388                TIM_Cmd
 .text.TIM_ITConfig
                0x080023a4       0x14 obj\releasemd\stm_lib\src\stm32f10x_tim.o
                0x080023a4                TIM_ITConfig
 .text.TIM_GetITStatus
                0x080023b8       0x18 obj\releasemd\stm_lib\src\stm32f10x_tim.o
                0x080023b8                TIM_GetITStatus
 .text.TIM_ClearITPendingBit
                0x080023d0        0x8 obj\releasemd\stm_lib\src\stm32f10x_tim.o
                0x080023d0                TIM_ClearITPendingBit
 .text.__register_exitproc
                0x080023d8       0xb0 c:/program files (x86)/emblocks/2.20/share/em_armgcc/bin/../lib/gcc/arm-none-eabi/4.7.3/../../../../arm-none-eabi/lib/armv7-m\libc.a(lib_a-__atexit.o)
                0x080023d8                __register_exitproc
 .text.exit     0x08002488       0x20 c:/program files (x86)/emblocks/2.20/share/em_armgcc/bin/../lib/gcc/arm-none-eabi/4.7.3/../../../../arm-none-eabi/lib/armv7-m\libc.a(lib_a-exit.o)
                0x08002488                exit
 .text.__libc_fini_array
                0x080024a8       0x2c c:/program files (x86)/emblocks/2.20/share/em_armgcc/bin/../lib/gcc/arm-none-eabi/4.7.3/../../../../arm-none-eabi/lib/armv7-m\libc.a(lib_a-fini.o)
                0x080024a8                __libc_fini_array
 .text.__libc_init_array
                0x080024d4       0x50 c:/program files (x86)/emblocks/2.20/share/em_armgcc/bin/../lib/gcc/arm-none-eabi/4.7.3/../../../../arm-none-eabi/lib/armv7-m\libc.a(lib_a-init.o)
                0x080024d4                __libc_init_array
 .text.memset   0x08002524       0x94 c:/program files (x86)/emblocks/2.20/share/em_armgcc/bin/../lib/gcc/arm-none-eabi/4.7.3/../../../../arm-none-eabi/lib/armv7-m\libc.a(lib_a-memset.o)
                0x08002524                memset
 .text.startup.register_fini
                0x080025b8       0x14 c:/program files (x86)/emblocks/2.20/share/em_armgcc/bin/../lib/gcc/arm-none-eabi/4.7.3/../../../../arm-none-eabi/lib/armv7-m\libc.a(lib_a-__call_atexit.o)
 .text.__call_exitprocs
                0x080025cc       0xd8 c:/program files (x86)/emblocks/2.20/share/em_armgcc/bin/../lib/gcc/arm-none-eabi/4.7.3/../../../../arm-none-eabi/lib/armv7-m\libc.a(lib_a-__call_atexit.o)
                0x080025cc                __call_exitprocs
 .text.atexit   0x080026a4        0xc c:/program files (x86)/emblocks/2.20/share/em_armgcc/bin/../lib/gcc/arm-none-eabi/4.7.3/../../../../arm-none-eabi/lib/armv7-m\libc.a(lib_a-atexit.o)
                0x080026a4                atexit
 .text._exit    0x080026b0        0x4 c:/program files (x86)/emblocks/2.20/share/em_armgcc/bin/../lib/gcc/arm-none-eabi/4.7.3/../../../../arm-none-eabi/lib/armv7-m\libnosys.a(_exit.o)
                0x080026b0                _exit
 *(.init)
 .init          0x080026b4        0x4 c:/program files (x86)/emblocks/2.20/share/em_armgcc/bin/../lib/gcc/arm-none-eabi/4.7.3/armv7-m/crti.o
                0x080026b4                _init
 .init          0x080026b8        0x8 c:/program files (x86)/emblocks/2.20/share/em_armgcc/bin/../lib/gcc/arm-none-eabi/4.7.3/armv7-m/crtn.o
 *(.fini)
 .fini          0x080026c0        0x4 c:/program files (x86)/emblocks/2.20/share/em_armgcc/bin/../lib/gcc/arm-none-eabi/4.7.3/armv7-m/crti.o
                0x080026c0                _fini
 .fini          0x080026c4        0x8 c:/program files (x86)/emblocks/2.20/share/em_armgcc/bin/../lib/gcc/arm-none-eabi/4.7.3/armv7-m/crtn.o
 *crtbegin.o(.ctors)
 *crtbegin?.o(.ctors)
 *(EXCLUDE_FILE(*crtend.o *crtend?.o) .ctors)
 *(SORT(.ctors.*))
 *(.ctors)
 *crtbegin.o(.dtors)
 *crtbegin?.o(.dtors)
 *(EXCLUDE_FILE(*crtend.o *crtend?.o) .dtors)
 *(SORT(.dtors.*))
 *(.dtors)
 *(.rodata*)
 .rodata.RHID_StringLangID
                0x080026cc        0x4 obj\releasemd\src\usb_desc.o
                0x080026cc                RHID_StringLangID
 .rodata.RHID_StringProduct
                0x080026d0       0x18 obj\releasemd\src\usb_desc.o
                0x080026d0                RHID_StringProduct
 .rodata.RHID_ConfigDescriptor
                0x080026e8       0x2c obj\releasemd\src\usb_desc.o
                0x080026e8                RHID_ConfigDescriptor
 .rodata.RHID_DeviceDescriptor
                0x08002714       0x14 obj\releasemd\src\usb_desc.o
                0x08002714                RHID_DeviceDescriptor
 .rodata.RHID_ReportDescriptor
                0x08002728       0x50 obj\releasemd\src\usb_desc.o
                0x08002728                RHID_ReportDescriptor
 .rodata.RHID_StringVendor
                0x08002778        0xc obj\releasemd\src\usb_desc.o
                0x08002778                RHID_StringVendor
 .rodata.str1.4
                0x08002784        0x4 c:/program files (x86)/emblocks/2.20/share/em_armgcc/bin/../lib/gcc/arm-none-eabi/4.7.3/../../../../arm-none-eabi/lib/armv7-m\libc.a(lib_a-impure.o)
 .rodata._global_impure_ptr
                0x08002788        0x4 c:/program files (x86)/emblocks/2.20/share/em_armgcc/bin/../lib/gcc/arm-none-eabi/4.7.3/../../../../arm-none-eabi/lib/armv7-m\libc.a(lib_a-impure.o)
                0x08002788                _global_impure_ptr
 *(.eh_frame*)
 .eh_frame      0x0800278c        0x0 c:/program files (x86)/emblocks/2.20/share/em_armgcc/bin/../lib/gcc/arm-none-eabi/4.7.3/armv7-m/crtbegin.o
 .eh_frame      0x0800278c        0x4 c:/program files (x86)/emblocks/2.20/share/em_armgcc/bin/../lib/gcc/arm-none-eabi/4.7.3/armv7-m/crtend.o

.glue_7         0x08002790        0x0
 .glue_7        0x00000000        0x0 linker stubs

.glue_7t        0x08002790        0x0
 .glue_7t       0x00000000        0x0 linker stubs

.vfp11_veneer   0x08002790        0x0
 .vfp11_veneer  0x00000000        0x0 linker stubs

.v4_bx          0x08002790        0x0
 .v4_bx         0x00000000        0x0 linker stubs

.iplt           0x08002790        0x0
 .iplt          0x00000000        0x0 c:/program files (x86)/emblocks/2.20/share/em_armgcc/bin/../lib/gcc/arm-none-eabi/4.7.3/armv7-m/crtbegin.o

.ARM.extab
 *(.ARM.extab* .gnu.linkonce.armextab.*)
                0x08002790                __exidx_start = .

.ARM.exidx      0x08002790        0x8
 *(.ARM.exidx* .gnu.linkonce.armexidx.*)
 .ARM.exidx     0x08002790        0x8 c:/program files (x86)/emblocks/2.20/share/em_armgcc/bin/../lib/gcc/arm-none-eabi/4.7.3/../../../../arm-none-eabi/lib/armv7-m/crt0.o
                0x08002798                __exidx_end = .
                0x08002798                __etext = .

.rel.dyn        0x08002798        0x0
 .rel.iplt      0x00000000        0x0 c:/program files (x86)/emblocks/2.20/share/em_armgcc/bin/../lib/gcc/arm-none-eabi/4.7.3/armv7-m/crtbegin.o

.data           0x20000000      0x52c load address 0x08002798
                0x20000000                __data_start__ = .
 *(vtable)
 *(.data*)
 .data.PrevXferComplete
                0x20000000        0x1 obj\releasemd\src\main.o
                0x20000000                PrevXferComplete
 *fill*         0x20000001        0x3 
 .data.RHID_StringSerial
                0x20000004       0x1c obj\releasemd\src\usb_desc.o
                0x20000004                RHID_StringSerial
 .data.pEpInt_IN
                0x20000020       0x1c obj\releasemd\src\usb_istr.o
                0x20000020                pEpInt_IN
 .data.pEpInt_OUT
                0x2000003c       0x1c obj\releasemd\src\usb_istr.o
                0x2000003c                pEpInt_OUT
 .data.Config_Descriptor
                0x20000058        0x8 obj\releasemd\src\usb_prop.o
                0x20000058                Config_Descriptor
 .data.Device_Property
                0x20000060       0x30 obj\releasemd\src\usb_prop.o
                0x20000060                Device_Property
 .data.User_Standard_Requests
                0x20000090       0x24 obj\releasemd\src\usb_prop.o
                0x20000090                User_Standard_Requests
 .data.RHID_Hid_Descriptor
                0x200000b4        0x8 obj\releasemd\src\usb_prop.o
                0x200000b4                RHID_Hid_Descriptor
 .data.RHID_Report_Descriptor
                0x200000bc        0x8 obj\releasemd\src\usb_prop.o
                0x200000bc                RHID_Report_Descriptor
 .data.Device_Descriptor
                0x200000c4        0x8 obj\releasemd\src\usb_prop.o
                0x200000c4                Device_Descriptor
 .data.String_Descriptor
                0x200000cc       0x20 obj\releasemd\src\usb_prop.o
                0x200000cc                String_Descriptor
 .data.Device_Table
                0x200000ec        0x4 obj\releasemd\src\usb_prop.o
                0x200000ec                Device_Table
 .data.fSuspendEnabled
                0x200000f0        0x1 obj\releasemd\src\usb_pwr.o
                0x200000f0                fSuspendEnabled
 *fill*         0x200000f1        0x7 
 .data.impure_data
                0x200000f8      0x428 c:/program files (x86)/emblocks/2.20/share/em_armgcc/bin/../lib/gcc/arm-none-eabi/4.7.3/../../../../arm-none-eabi/lib/armv7-m\libc.a(lib_a-impure.o)
                0x20000520                . = ALIGN (0x4)
                0x20000520                PROVIDE (__preinit_array_start, .)
 *(.preinit_array)
                0x20000520                PROVIDE (__preinit_array_end, .)
                0x20000520                . = ALIGN (0x4)
                0x20000520                PROVIDE (__init_array_start, .)
 *(SORT(.init_array.*))
 .init_array.00000
                0x20000520        0x4 c:/program files (x86)/emblocks/2.20/share/em_armgcc/bin/../lib/gcc/arm-none-eabi/4.7.3/../../../../arm-none-eabi/lib/armv7-m\libc.a(lib_a-__call_atexit.o)
 *(.init_array)
 .init_array    0x20000524        0x4 c:/program files (x86)/emblocks/2.20/share/em_armgcc/bin/../lib/gcc/arm-none-eabi/4.7.3/armv7-m/crtbegin.o
                0x20000528                PROVIDE (__init_array_end, .)
                0x20000528                . = ALIGN (0x4)
                0x20000528                PROVIDE (__fini_array_start, .)
 *(SORT(.fini_array.*))
 *(.fini_array)
 .fini_array    0x20000528        0x4 c:/program files (x86)/emblocks/2.20/share/em_armgcc/bin/../lib/gcc/arm-none-eabi/4.7.3/armv7-m/crtbegin.o
                0x2000052c                PROVIDE (__fini_array_end, .)
                0x2000052c                . = ALIGN (0x4)
                0x2000052c                __data_end__ = .

.jcr            0x2000052c        0x0 load address 0x08002cc4
 .jcr           0x2000052c        0x0 c:/program files (x86)/emblocks/2.20/share/em_armgcc/bin/../lib/gcc/arm-none-eabi/4.7.3/armv7-m/crtbegin.o

.igot.plt       0x2000052c        0x0 load address 0x08002cc4
 .igot.plt      0x00000000        0x0 c:/program files (x86)/emblocks/2.20/share/em_armgcc/bin/../lib/gcc/arm-none-eabi/4.7.3/armv7-m/crtbegin.o

.bss            0x2000052c      0x21e load address 0x08002cc4
                0x2000052c                __bss_start__ = .
 *(.bss*)
 .bss           0x2000052c       0x1c c:/program files (x86)/emblocks/2.20/share/em_armgcc/bin/../lib/gcc/arm-none-eabi/4.7.3/armv7-m/crtbegin.o
 .bss.wCNTR     0x20000548        0x4 obj\releasemd\src\usb_istr.o
                0x20000548                wCNTR
 .bss.bIntPackSOF
                0x2000054c        0x1 obj\releasemd\src\usb_istr.o
                0x2000054c                bIntPackSOF
 *fill*         0x2000054d        0x3 
 .bss.esof_counter
                0x20000550        0x4 obj\releasemd\src\usb_istr.o
                0x20000550                esof_counter
 .bss.Request   0x20000554        0x1 obj\releasemd\src\usb_prop.o
                0x20000554                Request
 *fill*         0x20000555        0x3 
 .bss.bDeviceState
                0x20000558        0x4 obj\releasemd\src\usb_pwr.o
                0x20000558                bDeviceState
 .bss.remotewakeupon
                0x2000055c        0x4 obj\releasemd\src\usb_pwr.o
                0x2000055c                remotewakeupon
 .bss.Data_Mul_MaxPacketSize
                0x20000560        0x1 obj\releasemd\usb-fs\src\usb_core.o
                0x20000560                Data_Mul_MaxPacketSize
 *(COMMON)
 *fill*         0x20000561        0x3 
 COMMON         0x20000564       0x90 obj\releasemd\src\softtimer.o
                0x20000564                prTimer
 COMMON         0x200005f4       0x22 obj\releasemd\src\hw_config.o
                0x200005f4                HSEStartUpStatus
                0x200005f6                btn1_prev
                0x200005f8                Buffer
                0x2000060c                EXTI_InitStructure
                0x20000614                btn2_prev
 *fill*         0x20000616        0x2 
 COMMON         0x20000618        0x8 obj\releasemd\src\main.o
                0x20000618                JumpAddress
                0x2000061c                Jump_To_Application
 COMMON         0x20000620       0x40 obj\releasemd\src\usb_endp.o
                0x20000620                Receive_Buffer
 COMMON         0x20000660        0x2 obj\releasemd\src\usb_istr.o
                0x20000660                wIstr
 *fill*         0x20000662        0x2 
 COMMON         0x20000664       0x85 obj\releasemd\src\usb_prop.o
                0x20000664                ProtocolValue
                0x20000668                ReadBufer
                0x200006a8                Report_Buf
                0x200006e8                EXTI_Enable
 *fill*         0x200006e9        0x3 
 COMMON         0x200006ec       0x24 obj\releasemd\src\usb_pwr.o
                0x200006ec                ResumeS
                0x200006f0                EP
 COMMON         0x20000710        0x2 obj\releasemd\usb-fs\src\usb_core.o
                0x20000710                StatusInfo
 *fill*         0x20000712        0x2 
 COMMON         0x20000714       0x32 obj\releasemd\usb-fs\src\usb_init.o
                0x20000714                SaveState
                0x20000718                pProperty
                0x2000071c                EPindex
                0x20000720                Device_Info
                0x2000073c                pUser_Standard_Requests
                0x20000740                pInformation
                0x20000744                wInterrupt_Mask
 COMMON         0x20000746        0x4 obj\releasemd\usb-fs\src\usb_int.o
                0x20000746                SaveRState
                0x20000748                SaveTState
                0x2000074a                __bss_end__ = .

.heap           0x20000750        0x0
                0x20000750                __end__ = .
                0x20000750                end = __end__
 *(.heap*)
 .heap          0x20000750        0x0 obj\releasemd\cmsis_boot\startup\startup_stm32f10x_md.o
                0x20000750                __HeapLimit = .

.stack_dummy    0x20000750      0x100
 *(.stack)
 .stack         0x20000750      0x100 obj\releasemd\cmsis_boot\startup\startup_stm32f10x_md.o
                0x20005000                __StackTop = (ORIGIN (RAM) + 0x5000)
                0x20004f00                __StackLimit = (__StackTop - SIZEOF (.stack_dummy))
                0x20005000                PROVIDE (__stack, __StackTop)
                0x00000001                ASSERT ((__StackLimit >= __HeapLimit), region RAM overflowed with stack)
LOAD obj\releasemd\src\softtimer.o
LOAD obj\releasemd\src\hw_config.o
LOAD obj\releasemd\src\main.o
LOAD obj\releasemd\src\stm32_it.o
LOAD obj\releasemd\src\usb_desc.o
LOAD obj\releasemd\src\usb_endp.o
LOAD obj\releasemd\src\usb_istr.o
LOAD obj\releasemd\src\usb_prop.o
LOAD obj\releasemd\src\usb_pwr.o
LOAD obj\releasemd\usb-fs\src\usb_core.o
LOAD obj\releasemd\usb-fs\src\usb_init.o
LOAD obj\releasemd\usb-fs\src\usb_int.o
LOAD obj\releasemd\usb-fs\src\usb_mem.o
LOAD obj\releasemd\usb-fs\src\usb_regs.o
LOAD obj\releasemd\usb-fs\src\usb_sil.o
LOAD obj\releasemd\cmsis_boot\startup\startup_stm32f10x_md.o
LOAD obj\releasemd\cmsis_boot\system_stm32f10x.o
LOAD obj\releasemd\stm_lib\src\misc.o
LOAD obj\releasemd\stm_lib\src\stm32f10x_can.o
LOAD obj\releasemd\stm_lib\src\stm32f10x_exti.o
LOAD obj\releasemd\stm_lib\src\stm32f10x_flash.o
LOAD obj\releasemd\stm_lib\src\stm32f10x_gpio.o
LOAD obj\releasemd\stm_lib\src\stm32f10x_pwr.o
LOAD obj\releasemd\stm_lib\src\stm32f10x_rcc.o
LOAD obj\releasemd\stm_lib\src\stm32f10x_tim.o
LOAD obj\releasemd\stm_lib\src\stm32f10x_usart.o
START GROUP
LOAD c:/program files (x86)/emblocks/2.20/share/em_armgcc/bin/../lib/gcc/arm-none-eabi/4.7.3/armv7-m\libgcc.a
LOAD c:/program files (x86)/emblocks/2.20/share/em_armgcc/bin/../lib/gcc/arm-none-eabi/4.7.3/../../../../arm-none-eabi/lib/armv7-m\libc.a
LOAD c:/program files (x86)/emblocks/2.20/share/em_armgcc/bin/../lib/gcc/arm-none-eabi/4.7.3/../../../../arm-none-eabi/lib/armv7-m\libg.a
LOAD c:/program files (x86)/emblocks/2.20/share/em_armgcc/bin/../lib/gcc/arm-none-eabi/4.7.3/../../../../arm-none-eabi/lib/armv7-m\libm.a
LOAD c:/program files (x86)/emblocks/2.20/share/em_armgcc/bin/../lib/gcc/arm-none-eabi/4.7.3/../../../../arm-none-eabi/lib/armv7-m\libnosys.a
END GROUP
LOAD c:/program files (x86)/emblocks/2.20/share/em_armgcc/bin/../lib/gcc/arm-none-eabi/4.7.3/armv7-m/crtend.o
LOAD c:/program files (x86)/emblocks/2.20/share/em_armgcc/bin/../lib/gcc/arm-none-eabi/4.7.3/armv7-m/crtn.o
OUTPUT(bin\ReleaseMD\tstHID-STM32F103.elf elf32-littlearm)

.ARM.attributes
                0x00000000       0x29
 .ARM.attributes
                0x00000000       0x1d c:/program files (x86)/emblocks/2.20/share/em_armgcc/bin/../lib/gcc/arm-none-eabi/4.7.3/armv7-m/crti.o
 .ARM.attributes
                0x0000001d       0x2d c:/program files (x86)/emblocks/2.20/share/em_armgcc/bin/../lib/gcc/arm-none-eabi/4.7.3/armv7-m/crtbegin.o
 .ARM.attributes
                0x0000004a       0x1b c:/program files (x86)/emblocks/2.20/share/em_armgcc/bin/../lib/gcc/arm-none-eabi/4.7.3/../../../../arm-none-eabi/lib/armv7-m/crt0.o
 .ARM.attributes
                0x00000065       0x33 obj\releasemd\src\softtimer.o
 .ARM.attributes
                0x00000098       0x33 obj\releasemd\src\hw_config.o
 .ARM.attributes
                0x000000cb       0x33 obj\releasemd\src\main.o
 .ARM.attributes
                0x000000fe       0x33 obj\releasemd\src\stm32_it.o
 .ARM.attributes
                0x00000131       0x33 obj\releasemd\src\usb_desc.o
 .ARM.attributes
                0x00000164       0x33 obj\releasemd\src\usb_endp.o
 .ARM.attributes
                0x00000197       0x33 obj\releasemd\src\usb_istr.o
 .ARM.attributes
                0x000001ca       0x33 obj\releasemd\src\usb_prop.o
 .ARM.attributes
                0x000001fd       0x33 obj\releasemd\src\usb_pwr.o
 .ARM.attributes
                0x00000230       0x33 obj\releasemd\usb-fs\src\usb_core.o
 .ARM.attributes
                0x00000263       0x33 obj\releasemd\usb-fs\src\usb_init.o
 .ARM.attributes
                0x00000296       0x33 obj\releasemd\usb-fs\src\usb_int.o
 .ARM.attributes
                0x000002c9       0x33 obj\releasemd\usb-fs\src\usb_mem.o
 .ARM.attributes
                0x000002fc       0x33 obj\releasemd\usb-fs\src\usb_regs.o
 .ARM.attributes
                0x0000032f       0x33 obj\releasemd\usb-fs\src\usb_sil.o
 .ARM.attributes
                0x00000362       0x1b obj\releasemd\cmsis_boot\startup\startup_stm32f10x_md.o
 .ARM.attributes
                0x0000037d       0x33 obj\releasemd\cmsis_boot\system_stm32f10x.o
 .ARM.attributes
                0x000003b0       0x33 obj\releasemd\stm_lib\src\misc.o
 .ARM.attributes
                0x000003e3       0x33 obj\releasemd\stm_lib\src\stm32f10x_exti.o
 .ARM.attributes
                0x00000416       0x33 obj\releasemd\stm_lib\src\stm32f10x_flash.o
 .ARM.attributes
                0x00000449       0x33 obj\releasemd\stm_lib\src\stm32f10x_gpio.o
 .ARM.attributes
                0x0000047c       0x33 obj\releasemd\stm_lib\src\stm32f10x_rcc.o
 .ARM.attributes
                0x000004af       0x33 obj\releasemd\stm_lib\src\stm32f10x_tim.o
 .ARM.attributes
                0x000004e2       0x2d c:/program files (x86)/emblocks/2.20/share/em_armgcc/bin/../lib/gcc/arm-none-eabi/4.7.3/../../../../arm-none-eabi/lib/armv7-m\libc.a(lib_a-__atexit.o)
 .ARM.attributes
                0x0000050f       0x2d c:/program files (x86)/emblocks/2.20/share/em_armgcc/bin/../lib/gcc/arm-none-eabi/4.7.3/../../../../arm-none-eabi/lib/armv7-m\libc.a(lib_a-exit.o)
 .ARM.attributes
                0x0000053c       0x2d c:/program files (x86)/emblocks/2.20/share/em_armgcc/bin/../lib/gcc/arm-none-eabi/4.7.3/../../../../arm-none-eabi/lib/armv7-m\libc.a(lib_a-fini.o)
 .ARM.attributes
                0x00000569       0x2d c:/program files (x86)/emblocks/2.20/share/em_armgcc/bin/../lib/gcc/arm-none-eabi/4.7.3/../../../../arm-none-eabi/lib/armv7-m\libc.a(lib_a-impure.o)
 .ARM.attributes
                0x00000596       0x2d c:/program files (x86)/emblocks/2.20/share/em_armgcc/bin/../lib/gcc/arm-none-eabi/4.7.3/../../../../arm-none-eabi/lib/armv7-m\libc.a(lib_a-init.o)
 .ARM.attributes
                0x000005c3       0x2d c:/program files (x86)/emblocks/2.20/share/em_armgcc/bin/../lib/gcc/arm-none-eabi/4.7.3/../../../../arm-none-eabi/lib/armv7-m\libc.a(lib_a-memset.o)
 .ARM.attributes
                0x000005f0       0x2d c:/program files (x86)/emblocks/2.20/share/em_armgcc/bin/../lib/gcc/arm-none-eabi/4.7.3/../../../../arm-none-eabi/lib/armv7-m\libc.a(lib_a-__call_atexit.o)
 .ARM.attributes
                0x0000061d       0x2d c:/program files (x86)/emblocks/2.20/share/em_armgcc/bin/../lib/gcc/arm-none-eabi/4.7.3/../../../../arm-none-eabi/lib/armv7-m\libc.a(lib_a-atexit.o)
 .ARM.attributes
                0x0000064a       0x2d c:/program files (x86)/emblocks/2.20/share/em_armgcc/bin/../lib/gcc/arm-none-eabi/4.7.3/../../../../arm-none-eabi/lib/armv7-m\libnosys.a(_exit.o)
 .ARM.attributes
                0x00000677       0x2d c:/program files (x86)/emblocks/2.20/share/em_armgcc/bin/../lib/gcc/arm-none-eabi/4.7.3/armv7-m/crtend.o
 .ARM.attributes
                0x000006a4       0x1d c:/program files (x86)/emblocks/2.20/share/em_armgcc/bin/../lib/gcc/arm-none-eabi/4.7.3/armv7-m/crtn.o

.comment        0x00000000       0x4e
 .comment       0x00000000       0x4e obj\releasemd\src\softtimer.o
                                 0x4f (size before relaxing)
 .comment       0x00000000       0x4f obj\releasemd\src\hw_config.o
 .comment       0x00000000       0x4f obj\releasemd\src\main.o
 .comment       0x00000000       0x4f obj\releasemd\src\stm32_it.o
 .comment       0x00000000       0x4f obj\releasemd\src\usb_desc.o
 .comment       0x00000000       0x4f obj\releasemd\src\usb_endp.o
 .comment       0x00000000       0x4f obj\releasemd\src\usb_istr.o
 .comment       0x00000000       0x4f obj\releasemd\src\usb_prop.o
 .comment       0x00000000       0x4f obj\releasemd\src\usb_pwr.o
 .comment       0x00000000       0x4f obj\releasemd\usb-fs\src\usb_core.o
 .comment       0x00000000       0x4f obj\releasemd\usb-fs\src\usb_init.o
 .comment       0x00000000       0x4f obj\releasemd\usb-fs\src\usb_int.o
 .comment       0x00000000       0x4f obj\releasemd\usb-fs\src\usb_mem.o
 .comment       0x00000000       0x4f obj\releasemd\usb-fs\src\usb_regs.o
 .comment       0x00000000       0x4f obj\releasemd\usb-fs\src\usb_sil.o
 .comment       0x00000000       0x4f obj\releasemd\cmsis_boot\system_stm32f10x.o
 .comment       0x00000000       0x4f obj\releasemd\stm_lib\src\misc.o
 .comment       0x00000000       0x4f obj\releasemd\stm_lib\src\stm32f10x_exti.o
 .comment       0x00000000       0x4f obj\releasemd\stm_lib\src\stm32f10x_flash.o
 .comment       0x00000000       0x4f obj\releasemd\stm_lib\src\stm32f10x_gpio.o
 .comment       0x00000000       0x4f obj\releasemd\stm_lib\src\stm32f10x_rcc.o
 .comment       0x00000000       0x4f obj\releasemd\stm_lib\src\stm32f10x_tim.o

.debug_info     0x00000000     0xb83d
 .debug_info    0x00000000      0x184 obj\releasemd\src\softtimer.o
 .debug_info    0x00000184      0xcdc obj\releasemd\src\hw_config.o
 .debug_info    0x00000e60      0xe1e obj\releasemd\src\main.o
 .debug_info    0x00001c7e      0x1b2 obj\releasemd\src\stm32_it.o
 .debug_info    0x00001e30      0x1a0 obj\releasemd\src\usb_desc.o
 .debug_info    0x00001fd0      0x338 obj\releasemd\src\usb_endp.o
 .debug_info    0x00002308      0x496 obj\releasemd\src\usb_istr.o
 .debug_info    0x0000279e     0x1103 obj\releasemd\src\usb_prop.o
 .debug_info    0x000038a1      0x637 obj\releasemd\src\usb_pwr.o
 .debug_info    0x00003ed8      0xf22 obj\releasemd\usb-fs\src\usb_core.o
 .debug_info    0x00004dfa      0x499 obj\releasemd\usb-fs\src\usb_init.o
 .debug_info    0x00005293      0x1fb obj\releasemd\usb-fs\src\usb_int.o
 .debug_info    0x0000548e      0x1c7 obj\releasemd\usb-fs\src\usb_mem.o
 .debug_info    0x00005655      0xdd1 obj\releasemd\usb-fs\src\usb_regs.o
 .debug_info    0x00006426      0x29a obj\releasemd\usb-fs\src\usb_sil.o
 .debug_info    0x000066c0       0x8d obj\releasemd\cmsis_boot\startup\startup_stm32f10x_md.o
 .debug_info    0x0000674d      0x4df obj\releasemd\cmsis_boot\system_stm32f10x.o
 .debug_info    0x00006c2c      0x596 obj\releasemd\stm_lib\src\misc.o
 .debug_info    0x000071c2      0x36f obj\releasemd\stm_lib\src\stm32f10x_exti.o
 .debug_info    0x00007531      0xad5 obj\releasemd\stm_lib\src\stm32f10x_flash.o
 .debug_info    0x00008006      0x8da obj\releasemd\stm_lib\src\stm32f10x_gpio.o
 .debug_info    0x000088e0      0x9b5 obj\releasemd\stm_lib\src\stm32f10x_rcc.o
 .debug_info    0x00009295     0x25a8 obj\releasemd\stm_lib\src\stm32f10x_tim.o

.debug_abbrev   0x00000000     0x2ae1
 .debug_abbrev  0x00000000      0x102 obj\releasemd\src\softtimer.o
 .debug_abbrev  0x00000102      0x3b0 obj\releasemd\src\hw_config.o
 .debug_abbrev  0x000004b2      0x30c obj\releasemd\src\main.o
 .debug_abbrev  0x000007be       0xd4 obj\releasemd\src\stm32_it.o
 .debug_abbrev  0x00000892       0x75 obj\releasemd\src\usb_desc.o
 .debug_abbrev  0x00000907      0x1c5 obj\releasemd\src\usb_endp.o
 .debug_abbrev  0x00000acc      0x1a9 obj\releasemd\src\usb_istr.o
 .debug_abbrev  0x00000c75      0x3d4 obj\releasemd\src\usb_prop.o
 .debug_abbrev  0x00001049      0x229 obj\releasemd\src\usb_pwr.o
 .debug_abbrev  0x00001272      0x3fc obj\releasemd\usb-fs\src\usb_core.o
 .debug_abbrev  0x0000166e      0x122 obj\releasemd\usb-fs\src\usb_init.o
 .debug_abbrev  0x00001790       0xf0 obj\releasemd\usb-fs\src\usb_int.o
 .debug_abbrev  0x00001880       0xbb obj\releasemd\usb-fs\src\usb_mem.o
 .debug_abbrev  0x0000193b      0x225 obj\releasemd\usb-fs\src\usb_regs.o
 .debug_abbrev  0x00001b60      0x136 obj\releasemd\usb-fs\src\usb_sil.o
 .debug_abbrev  0x00001c96       0x14 obj\releasemd\cmsis_boot\startup\startup_stm32f10x_md.o
 .debug_abbrev  0x00001caa      0x170 obj\releasemd\cmsis_boot\system_stm32f10x.o
 .debug_abbrev  0x00001e1a      0x154 obj\releasemd\stm_lib\src\misc.o
 .debug_abbrev  0x00001f6e      0x17e obj\releasemd\stm_lib\src\stm32f10x_exti.o
 .debug_abbrev  0x000020ec      0x24a obj\releasemd\stm_lib\src\stm32f10x_flash.o
 .debug_abbrev  0x00002336      0x221 obj\releasemd\stm_lib\src\stm32f10x_gpio.o
 .debug_abbrev  0x00002557      0x28f obj\releasemd\stm_lib\src\stm32f10x_rcc.o
 .debug_abbrev  0x000027e6      0x2fb obj\releasemd\stm_lib\src\stm32f10x_tim.o

.debug_loc      0x00000000     0x65d7
 .debug_loc     0x00000000      0x104 obj\releasemd\src\softtimer.o
 .debug_loc     0x00000104      0x307 obj\releasemd\src\hw_config.o
 .debug_loc     0x0000040b      0x1b2 obj\releasemd\src\main.o
 .debug_loc     0x000005bd       0x54 obj\releasemd\src\usb_endp.o
 .debug_loc     0x00000611       0x7a obj\releasemd\src\usb_istr.o
 .debug_loc     0x0000068b      0x340 obj\releasemd\src\usb_prop.o
 .debug_loc     0x000009cb      0x246 obj\releasemd\src\usb_pwr.o
 .debug_loc     0x00000c11      0xb0f obj\releasemd\usb-fs\src\usb_core.o
 .debug_loc     0x00001720       0x20 obj\releasemd\usb-fs\src\usb_init.o
 .debug_loc     0x00001740      0x15a obj\releasemd\usb-fs\src\usb_int.o
 .debug_loc     0x0000189a      0x237 obj\releasemd\usb-fs\src\usb_mem.o
 .debug_loc     0x00001ad1      0xc72 obj\releasemd\usb-fs\src\usb_regs.o
 .debug_loc     0x00002743      0x135 obj\releasemd\usb-fs\src\usb_sil.o
 .debug_loc     0x00002878      0x12c obj\releasemd\cmsis_boot\system_stm32f10x.o
 .debug_loc     0x000029a4      0x181 obj\releasemd\stm_lib\src\misc.o
 .debug_loc     0x00002b25      0x24c obj\releasemd\stm_lib\src\stm32f10x_exti.o
 .debug_loc     0x00002d71      0xa7c obj\releasemd\stm_lib\src\stm32f10x_flash.o
 .debug_loc     0x000037ed      0x60c obj\releasemd\stm_lib\src\stm32f10x_gpio.o
 .debug_loc     0x00003df9      0x7e9 obj\releasemd\stm_lib\src\stm32f10x_rcc.o
 .debug_loc     0x000045e2     0x1ff5 obj\releasemd\stm_lib\src\stm32f10x_tim.o

.debug_aranges  0x00000000      0xc50
 .debug_aranges
                0x00000000       0x28 obj\releasemd\src\softtimer.o
 .debug_aranges
                0x00000028       0x70 obj\releasemd\src\hw_config.o
 .debug_aranges
                0x00000098       0x60 obj\releasemd\src\main.o
 .debug_aranges
                0x000000f8       0x68 obj\releasemd\src\stm32_it.o
 .debug_aranges
                0x00000160       0x18 obj\releasemd\src\usb_desc.o
 .debug_aranges
                0x00000178       0x30 obj\releasemd\src\usb_endp.o
 .debug_aranges
                0x000001a8       0x20 obj\releasemd\src\usb_istr.o
 .debug_aranges
                0x000001c8       0xa8 obj\releasemd\src\usb_prop.o
 .debug_aranges
                0x00000270       0x40 obj\releasemd\src\usb_pwr.o
 .debug_aranges
                0x000002b0       0x98 obj\releasemd\usb-fs\src\usb_core.o
 .debug_aranges
                0x00000348       0x20 obj\releasemd\usb-fs\src\usb_init.o
 .debug_aranges
                0x00000368       0x28 obj\releasemd\usb-fs\src\usb_int.o
 .debug_aranges
                0x00000390       0x28 obj\releasemd\usb-fs\src\usb_mem.o
 .debug_aranges
                0x000003b8      0x1f0 obj\releasemd\usb-fs\src\usb_regs.o
 .debug_aranges
                0x000005a8       0x30 obj\releasemd\usb-fs\src\usb_sil.o
 .debug_aranges
                0x000005d8       0x20 obj\releasemd\cmsis_boot\startup\startup_stm32f10x_md.o
 .debug_aranges
                0x000005f8       0x28 obj\releasemd\cmsis_boot\system_stm32f10x.o
 .debug_aranges
                0x00000620       0x40 obj\releasemd\stm_lib\src\misc.o
 .debug_aranges
                0x00000660       0x58 obj\releasemd\stm_lib\src\stm32f10x_exti.o
 .debug_aranges
                0x000006b8       0xf8 obj\releasemd\stm_lib\src\stm32f10x_flash.o
 .debug_aranges
                0x000007b0       0xa8 obj\releasemd\stm_lib\src\stm32f10x_gpio.o
 .debug_aranges
                0x00000858      0x118 obj\releasemd\stm_lib\src\stm32f10x_rcc.o
 .debug_aranges
                0x00000970      0x2e0 obj\releasemd\stm_lib\src\stm32f10x_tim.o

.debug_ranges   0x00000000     0x10d8
 .debug_ranges  0x00000000       0x18 obj\releasemd\src\softtimer.o
 .debug_ranges  0x00000018       0x90 obj\releasemd\src\hw_config.o
 .debug_ranges  0x000000a8       0x50 obj\releasemd\src\main.o
 .debug_ranges  0x000000f8       0x58 obj\releasemd\src\stm32_it.o
 .debug_ranges  0x00000150       0x20 obj\releasemd\src\usb_endp.o
 .debug_ranges  0x00000170       0x10 obj\releasemd\src\usb_istr.o
 .debug_ranges  0x00000180       0xc8 obj\releasemd\src\usb_prop.o
 .debug_ranges  0x00000248       0x30 obj\releasemd\src\usb_pwr.o
 .debug_ranges  0x00000278      0x260 obj\releasemd\usb-fs\src\usb_core.o
 .debug_ranges  0x000004d8       0x10 obj\releasemd\usb-fs\src\usb_init.o
 .debug_ranges  0x000004e8       0x30 obj\releasemd\usb-fs\src\usb_int.o
 .debug_ranges  0x00000518       0x18 obj\releasemd\usb-fs\src\usb_mem.o
 .debug_ranges  0x00000530      0x378 obj\releasemd\usb-fs\src\usb_regs.o
 .debug_ranges  0x000008a8       0x20 obj\releasemd\usb-fs\src\usb_sil.o
 .debug_ranges  0x000008c8       0x90 obj\releasemd\cmsis_boot\system_stm32f10x.o
 .debug_ranges  0x00000958       0x30 obj\releasemd\stm_lib\src\misc.o
 .debug_ranges  0x00000988       0x48 obj\releasemd\stm_lib\src\stm32f10x_exti.o
 .debug_ranges  0x000009d0      0x128 obj\releasemd\stm_lib\src\stm32f10x_flash.o
 .debug_ranges  0x00000af8       0x98 obj\releasemd\stm_lib\src\stm32f10x_gpio.o
 .debug_ranges  0x00000b90      0x138 obj\releasemd\stm_lib\src\stm32f10x_rcc.o
 .debug_ranges  0x00000cc8      0x410 obj\releasemd\stm_lib\src\stm32f10x_tim.o

.debug_line     0x00000000     0x417c
 .debug_line    0x00000000      0x11b obj\releasemd\src\softtimer.o
 .debug_line    0x0000011b      0x359 obj\releasemd\src\hw_config.o
 .debug_line    0x00000474      0x2ac obj\releasemd\src\main.o
 .debug_line    0x00000720      0x1a5 obj\releasemd\src\stm32_it.o
 .debug_line    0x000008c5       0xcb obj\releasemd\src\usb_desc.o
 .debug_line    0x00000990      0x196 obj\releasemd\src\usb_endp.o
 .debug_line    0x00000b26      0x1d1 obj\releasemd\src\usb_istr.o
 .debug_line    0x00000cf7      0x405 obj\releasemd\src\usb_prop.o
 .debug_line    0x000010fc      0x26c obj\releasemd\src\usb_pwr.o
 .debug_line    0x00001368      0x4cc obj\releasemd\usb-fs\src\usb_core.o
 .debug_line    0x00001834      0x106 obj\releasemd\usb-fs\src\usb_init.o
 .debug_line    0x0000193a      0x1d9 obj\releasemd\usb-fs\src\usb_int.o
 .debug_line    0x00001b13      0x128 obj\releasemd\usb-fs\src\usb_mem.o
 .debug_line    0x00001c3b      0x724 obj\releasemd\usb-fs\src\usb_regs.o
 .debug_line    0x0000235f      0x14b obj\releasemd\usb-fs\src\usb_sil.o
 .debug_line    0x000024aa       0xa7 obj\releasemd\cmsis_boot\startup\startup_stm32f10x_md.o
 .debug_line    0x00002551      0x173 obj\releasemd\cmsis_boot\system_stm32f10x.o
 .debug_line    0x000026c4      0x17b obj\releasemd\stm_lib\src\misc.o
 .debug_line    0x0000283f      0x1e4 obj\releasemd\stm_lib\src\stm32f10x_exti.o
 .debug_line    0x00002a23      0x484 obj\releasemd\stm_lib\src\stm32f10x_flash.o
 .debug_line    0x00002ea7      0x330 obj\releasemd\stm_lib\src\stm32f10x_gpio.o
 .debug_line    0x000031d7      0x3dd obj\releasemd\stm_lib\src\stm32f10x_rcc.o
 .debug_line    0x000035b4      0xbc8 obj\releasemd\stm_lib\src\stm32f10x_tim.o

.debug_str      0x00000000     0x3481
 .debug_str     0x00000000      0x125 obj\releasemd\src\softtimer.o
                                0x173 (size before relaxing)
 .debug_str     0x00000125      0x942 obj\releasemd\src\hw_config.o
                                0xa8d (size before relaxing)
 .debug_str     0x00000a67      0x3f4 obj\releasemd\src\main.o
                                0xa6b (size before relaxing)
 .debug_str     0x00000e5b       0xc8 obj\releasemd\src\stm32_it.o
                                0x1e7 (size before relaxing)
 .debug_str     0x00000f23       0x88 obj\releasemd\src\usb_desc.o
                                0x1a1 (size before relaxing)
 .debug_str     0x00000fab       0x8c obj\releasemd\src\usb_endp.o
                                0x255 (size before relaxing)
 .debug_str     0x00001037      0x1cc obj\releasemd\src\usb_istr.o
                                0x3d1 (size before relaxing)
 .debug_str     0x00001203      0x56d obj\releasemd\src\usb_prop.o
                                0xb37 (size before relaxing)
 .debug_str     0x00001770       0xc9 obj\releasemd\src\usb_pwr.o
                                0x3bc (size before relaxing)
 .debug_str     0x00001839      0x3b7 obj\releasemd\usb-fs\src\usb_core.o
                                0xa7d (size before relaxing)
 .debug_str     0x00001bf0       0x28 obj\releasemd\usb-fs\src\usb_init.o
                                0x4d1 (size before relaxing)
 .debug_str     0x00001c18       0x23 obj\releasemd\usb-fs\src\usb_int.o
                                0x1ad (size before relaxing)
 .debug_str     0x00001c3b       0x45 obj\releasemd\usb-fs\src\usb_mem.o
                                0x186 (size before relaxing)
 .debug_str     0x00001c80      0x311 obj\releasemd\usb-fs\src\usb_regs.o
                                0x50e (size before relaxing)
 .debug_str     0x00001f91       0x43 obj\releasemd\usb-fs\src\usb_sil.o
                                0x1ee (size before relaxing)
 .debug_str     0x00001fd4       0xca obj\releasemd\cmsis_boot\system_stm32f10x.o
                                0x289 (size before relaxing)
 .debug_str     0x0000209e       0xcc obj\releasemd\stm_lib\src\misc.o
                                0x363 (size before relaxing)
 .debug_str     0x0000216a       0xc9 obj\releasemd\stm_lib\src\stm32f10x_exti.o
                                0x2f8 (size before relaxing)
 .debug_str     0x00002233      0x31b obj\releasemd\stm_lib\src\stm32f10x_flash.o
                                0x582 (size before relaxing)
 .debug_str     0x0000254e      0x209 obj\releasemd\stm_lib\src\stm32f10x_gpio.o
                                0x4ca (size before relaxing)
 .debug_str     0x00002757      0x353 obj\releasemd\stm_lib\src\stm32f10x_rcc.o
                                0x5b4 (size before relaxing)
 .debug_str     0x00002aaa      0x9d7 obj\releasemd\stm_lib\src\stm32f10x_tim.o
                                0xda5 (size before relaxing)

.debug_frame    0x00000000     0x1ae4
 .debug_frame   0x00000000       0x40 obj\releasemd\src\softtimer.o
 .debug_frame   0x00000040      0x118 obj\releasemd\src\hw_config.o
 .debug_frame   0x00000158       0xe4 obj\releasemd\src\main.o
 .debug_frame   0x0000023c       0xb0 obj\releasemd\src\stm32_it.o
 .debug_frame   0x000002ec       0x54 obj\releasemd\src\usb_endp.o
 .debug_frame   0x00000340       0x30 obj\releasemd\src\usb_istr.o
 .debug_frame   0x00000370      0x160 obj\releasemd\src\usb_prop.o
 .debug_frame   0x000004d0       0x94 obj\releasemd\src\usb_pwr.o
 .debug_frame   0x00000564      0x1ac obj\releasemd\usb-fs\src\usb_core.o
 .debug_frame   0x00000710       0x28 obj\releasemd\usb-fs\src\usb_init.o
 .debug_frame   0x00000738       0x5c obj\releasemd\usb-fs\src\usb_int.o
 .debug_frame   0x00000794       0x38 obj\releasemd\usb-fs\src\usb_mem.o
 .debug_frame   0x000007cc      0x3e4 obj\releasemd\usb-fs\src\usb_regs.o
 .debug_frame   0x00000bb0       0x60 obj\releasemd\usb-fs\src\usb_sil.o
 .debug_frame   0x00000c10       0x34 obj\releasemd\cmsis_boot\system_stm32f10x.o
 .debug_frame   0x00000c44       0x68 obj\releasemd\stm_lib\src\misc.o
 .debug_frame   0x00000cac       0x98 obj\releasemd\stm_lib\src\stm32f10x_exti.o
 .debug_frame   0x00000d44      0x254 obj\releasemd\stm_lib\src\stm32f10x_flash.o
 .debug_frame   0x00000f98      0x168 obj\releasemd\stm_lib\src\stm32f10x_gpio.o
 .debug_frame   0x00001100      0x21c obj\releasemd\stm_lib\src\stm32f10x_rcc.o
 .debug_frame   0x0000131c      0x660 obj\releasemd\stm_lib\src\stm32f10x_tim.o
 .debug_frame   0x0000197c       0x34 c:/program files (x86)/emblocks/2.20/share/em_armgcc/bin/../lib/gcc/arm-none-eabi/4.7.3/../../../../arm-none-eabi/lib/armv7-m\libc.a(lib_a-__atexit.o)
 .debug_frame   0x000019b0       0x28 c:/program files (x86)/emblocks/2.20/share/em_armgcc/bin/../lib/gcc/arm-none-eabi/4.7.3/../../../../arm-none-eabi/lib/armv7-m\libc.a(lib_a-exit.o)
 .debug_frame   0x000019d8       0x2c c:/program files (x86)/emblocks/2.20/share/em_armgcc/bin/../lib/gcc/arm-none-eabi/4.7.3/../../../../arm-none-eabi/lib/armv7-m\libc.a(lib_a-fini.o)
 .debug_frame   0x00001a04       0x2c c:/program files (x86)/emblocks/2.20/share/em_armgcc/bin/../lib/gcc/arm-none-eabi/4.7.3/../../../../arm-none-eabi/lib/armv7-m\libc.a(lib_a-init.o)
 .debug_frame   0x00001a30       0x2c c:/program files (x86)/emblocks/2.20/share/em_armgcc/bin/../lib/gcc/arm-none-eabi/4.7.3/../../../../arm-none-eabi/lib/armv7-m\libc.a(lib_a-memset.o)
 .debug_frame   0x00001a5c       0x48 c:/program files (x86)/emblocks/2.20/share/em_armgcc/bin/../lib/gcc/arm-none-eabi/4.7.3/../../../../arm-none-eabi/lib/armv7-m\libc.a(lib_a-__call_atexit.o)
 .debug_frame   0x00001aa4       0x20 c:/program files (x86)/emblocks/2.20/share/em_armgcc/bin/../lib/gcc/arm-none-eabi/4.7.3/../../../../arm-none-eabi/lib/armv7-m\libc.a(lib_a-atexit.o)
 .debug_frame   0x00001ac4       0x20 c:/program files (x86)/emblocks/2.20/share/em_armgcc/bin/../lib/gcc/arm-none-eabi/4.7.3/../../../../arm-none-eabi/lib/armv7-m\libnosys.a(_exit.o)
